Component: ARM Compiler 5.06 update 3 (build 300) Tool: armlink [4d35c9]

==============================================================================

Section Cross References

    system_stm32f4xx.o(i.SystemCoreClockUpdate) refers to system_stm32f4xx.o(.data) for .data
    system_stm32f4xx.o(i.SystemInit) refers to system_stm32f4xx.o(i.SetSysClock) for SetSysClock
    main.o(i.main) refers to _printf_percent.o(.ARM.Collect$$_printf_percent$$00000000) for _printf_percent
    main.o(i.main) refers to _printf_d.o(.ARM.Collect$$_printf_percent$$00000009) for _printf_d
    main.o(i.main) refers to _printf_dec.o(.text) for _printf_int_dec
    main.o(i.main) refers to misc.o(i.NVIC_PriorityGroupConfig) for NVIC_PriorityGroupConfig
    main.o(i.main) refers to key.o(i.KEY_Init) for KEY_Init
    main.o(i.main) refers to delay.o(i.delay_init) for delay_init
    main.o(i.main) refers to usart.o(i.uart_init) for uart_init
    main.o(i.main) refers to usart2.o(i.uart2_init) for uart2_init
    main.o(i.main) refers to usart2.o(i.DMA_ByteAlign) for DMA_ByteAlign
    main.o(i.main) refers to noretval__2printf.o(.text) for __2printf
    main.o(i.main) refers to tim1.o(i.TIM1_Int_Init) for TIM1_Int_Init
    main.o(i.main) refers to motordir.o(i.MOTORGPIO_Init) for MOTORGPIO_Init
    main.o(i.main) refers to encoder.o(i.Encoder_GPIO_Init) for Encoder_GPIO_Init
    main.o(i.main) refers to encoder.o(i.Encoder1_TIM_Init) for Encoder1_TIM_Init
    main.o(i.main) refers to encoder.o(i.Encoder2_TIM_Init) for Encoder2_TIM_Init
    main.o(i.main) refers to stm32f4xx_tim.o(i.TIM_Cmd) for TIM_Cmd
    main.o(i.main) refers to sys.o(i.SYS_GetCoreClockFreq) for SYS_GetCoreClockFreq
    main.o(i.main) refers to usart2.o(i.printDMCodeInfo) for printDMCodeInfo
    main.o(i.main) refers to dflt_clz.o(x$fpl$dflt) for __aeabi_i2d
    main.o(i.main) refers to dmul.o(x$fpl$dmul) for __aeabi_dmul
    main.o(i.main) refers to key.o(i.KEY_Scan) for KEY_Scan
    main.o(i.main) refers to sys.o(.data) for Current_SysCoreClock
    main.o(i.main) refers to system_stm32f4xx.o(.data) for SystemCoreClock
    main.o(i.main) refers to usart2.o(.bss) for DMCodeInfo
    main.o(i.main) refers to tim1.o(.data) for id
    main.o(i.main) refers to motordir.o(.data) for deviation
    main.o(.ARM.exidx) refers to main.o(i.main) for i.main
    beep.o(i.BEEP_Init) refers to stm32f4xx_rcc.o(i.RCC_AHB1PeriphClockCmd) for RCC_AHB1PeriphClockCmd
    beep.o(i.BEEP_Init) refers to stm32f4xx_gpio.o(i.GPIO_Init) for GPIO_Init
    beep.o(i.BEEP_Init) refers to stm32f4xx_gpio.o(i.GPIO_ResetBits) for GPIO_ResetBits
    key.o(i.KEY_Init) refers to stm32f4xx_rcc.o(i.RCC_AHB1PeriphClockCmd) for RCC_AHB1PeriphClockCmd
    key.o(i.KEY_Init) refers to stm32f4xx_gpio.o(i.GPIO_Init) for GPIO_Init
    key.o(i.KEY_Scan) refers to stm32f4xx_gpio.o(i.GPIO_ReadInputDataBit) for GPIO_ReadInputDataBit
    key.o(i.KEY_Scan) refers to delay.o(i.delay_ms) for delay_ms
    key.o(i.KEY_Scan) refers to key.o(.data) for .data
    usart2.o(i.DMA_ByteAlign) refers to stm32f4xx_dma.o(i.DMA_Cmd) for DMA_Cmd
    usart2.o(i.DMA_ByteAlign) refers to stm32f4xx_dma.o(i.DMA_SetCurrDataCounter) for DMA_SetCurrDataCounter
    usart2.o(i.DMA_ByteAlign) refers to delay.o(i.delay_ms) for delay_ms
    usart2.o(i.DMA_ByteAlign) refers to usart2.o(.bss) for .bss
    usart2.o(i.USART2_DMA_init) refers to stm32f4xx_rcc.o(i.RCC_AHB1PeriphClockCmd) for RCC_AHB1PeriphClockCmd
    usart2.o(i.USART2_DMA_init) refers to stm32f4xx_dma.o(i.DMA_DeInit) for DMA_DeInit
    usart2.o(i.USART2_DMA_init) refers to stm32f4xx_dma.o(i.DMA_Init) for DMA_Init
    usart2.o(i.USART2_DMA_init) refers to stm32f4xx_dma.o(i.DMA_DoubleBufferModeConfig) for DMA_DoubleBufferModeConfig
    usart2.o(i.USART2_DMA_init) refers to stm32f4xx_dma.o(i.DMA_DoubleBufferModeCmd) for DMA_DoubleBufferModeCmd
    usart2.o(i.USART2_DMA_init) refers to stm32f4xx_dma.o(i.DMA_Cmd) for DMA_Cmd
    usart2.o(i.USART2_DMA_init) refers to usart2.o(.bss) for .bss
    usart2.o(i.USART2_IRQHandler) refers to stm32f4xx_usart.o(i.USART_GetITStatus) for USART_GetITStatus
    usart2.o(i.USART2_IRQHandler) refers to stm32f4xx_usart.o(i.USART_ReceiveData) for USART_ReceiveData
    usart2.o(i.USART2_IRQHandler) refers to atoi.o(.text) for atoi
    usart2.o(i.USART2_IRQHandler) refers to atof.o(i.__hardfp_atof) for __hardfp_atof
    usart2.o(i.USART2_IRQHandler) refers to d2f.o(x$fpl$d2f) for __aeabi_d2f
    usart2.o(i.USART2_IRQHandler) refers to stm32f4xx_usart.o(i.USART_ClearITPendingBit) for USART_ClearITPendingBit
    usart2.o(i.USART2_IRQHandler) refers to usart2.o(.data) for .data
    usart2.o(i.USART2_IRQHandler) refers to usart2.o(.bss) for .bss
    usart2.o(i.USART2_SendStr) refers to stm32f4xx_usart.o(i.USART_SendData) for USART_SendData
    usart2.o(i.USART2_SendStr) refers to stm32f4xx_usart.o(i.USART_GetFlagStatus) for USART_GetFlagStatus
    usart2.o(i.get_data) refers to _printf_percent.o(.ARM.Collect$$_printf_percent$$00000000) for _printf_percent
[...]
    $v0                                      0x08005dfe   Number         0  scanf1.o(x$fpl$scanf1)
    x$fpl$scanf2                             0x08005e02   Section        8  scanf2.o(x$fpl$scanf2)
    $v0                                      0x08005e02   Number         0  scanf2.o(x$fpl$scanf2)
    x$fpl$trapveneer                         0x08005e0a   Section       48  trapv.o(x$fpl$trapveneer)
    $v0                                      0x08005e0a   Number         0  trapv.o(x$fpl$trapveneer)
    x$fpl$usenofp                            0x08005e3a   Section        0  usenofp.o(x$fpl$usenofp)
    .constdata                               0x08005e40   Section      152  atan.o(.constdata)
    atanhi                                   0x08005e40   Data          32  atan.o(.constdata)
    atanlo                                   0x08005e60   Data          32  atan.o(.constdata)
    aTodd                                    0x08005e80   Data          40  atan.o(.constdata)
    aTeven                                   0x08005ea8   Data          48  atan.o(.constdata)
    .constdata                               0x08005ed8   Section       88  exp.o(.constdata)
    halF                                     0x08005ed8   Data          16  exp.o(.constdata)
    ln2HI                                    0x08005ee8   Data          16  exp.o(.constdata)
    ln2LO                                    0x08005ef8   Data          16  exp.o(.constdata)
    P                                        0x08005f08   Data          40  exp.o(.constdata)
    .constdata                               0x08005f30   Section      148  bigflt0.o(.constdata)
    tenpwrs_x                                0x08005f30   Data          60  bigflt0.o(.constdata)
    tenpwrs_i                                0x08005f6c   Data          64  bigflt0.o(.constdata)
    c$$dinf                                  0x08005fe4   Section        8  fpconst.o(c$$dinf)
    locale$$data                             0x08005fec   Section       28  lc_numeric_c.o(locale$$data)
    __lcnum_c_name                           0x08005ff0   Data           2  lc_numeric_c.o(locale$$data)
    __lcnum_c_start                          0x08005ff8   Data           0  lc_numeric_c.o(locale$$data)
    __lcnum_c_point                          0x08006004   Data           0  lc_numeric_c.o(locale$$data)
    __lcnum_c_thousands                      0x08006006   Data           0  lc_numeric_c.o(locale$$data)
    __lcnum_c_grouping                       0x08006007   Data           0  lc_numeric_c.o(locale$$data)
    locale$$data                             0x08006008   Section      272  lc_ctype_c.o(locale$$data)
    __lcnum_c_end                            0x08006008   Data           0  lc_numeric_c.o(locale$$data)
    __lcctype_c_name                         0x0800600c   Data           2  lc_ctype_c.o(locale$$data)
    __lcctype_c_start                        0x08006014   Data           0  lc_ctype_c.o(locale$$data)
    __lcctype_c_end                          0x08006118   Data           0  lc_ctype_c.o(locale$$data)
    .data                                    0x20000000   Section       20  system_stm32f4xx.o(.data)
    .data                                    0x20000014   Section        1  key.o(.data)
    key_up                                   0x20000014   Data           1  key.o(.data)
    .data                                    0x20000016   Section        4  usart2.o(.data)
    recvStart                                0x20000017   Data           1  usart2.o(.data)
    .data                                    0x20000020   Section      320  tim1.o(.data)
    .data                                    0x20000160   Section        8  tim1.o(.data)
    .data                                    0x20000168   Section        4  motor_pwm.o(.data)
    .data                                    0x2000016c   Section        4  motor_pwm.o(.data)
    cnt                                      0x2000016c   Data           4  motor_pwm.o(.data)
    .data                                    0x20000170   Section       88  motordir.o(.data)
    stateFlag                                0x20000170   Data           1  motordir.o(.data)
    turnFlag                                 0x20000171   Data           1  motordir.o(.data)
    isUpdate                                 0x20000172   Data           1  motordir.o(.data)
    first                                    0x20000173   Data           1  motordir.o(.data)
    threshold                                0x20000178   Data           4  motordir.o(.data)
    arrive_threashold                        0x2000017c   Data           4  motordir.o(.data)
    readEnc                                  0x20000180   Data           4  motordir.o(.data)
    targrtEnc                                0x20000184   Data           4  motordir.o(.data)
    arriveAngle                              0x20000188   Data           4  motordir.o(.data)
    angleErr                                 0x2000018c   Data           4  motordir.o(.data)
    towardAngle                              0x20000190   Data           4  motordir.o(.data)
    dis                                      0x20000194   Data           4  motordir.o(.data)
    div                                      0x20000198   Data           4  motordir.o(.data)
    tan                                      0x2000019c   Data           4  motordir.o(.data)
    preTmp                                   0x200001a0   Data           4  motordir.o(.data)
    readEnc                                  0x200001b0   Data           8  motordir.o(.data)
    readEnc2                                 0x200001b8   Data           8  motordir.o(.data)
    targetEnc                                0x200001c0   Data           8  motordir.o(.data)
    .data                                    0x200001c8   Section        1  wwdg.o(.data)
    .data                                    0x200001cc   Section        8  encoder.o(.data)
    .data                                    0x200001d4   Section        4  delay.o(.data)
    fac_us                                   0x200001d4   Data           1  delay.o(.data)
    fac_ms                                   0x200001d6   Data           2  delay.o(.data)
    .data                                    0x200001d8   Section        4  sys.o(.data)
    .data                                    0x200001dc   Section        2  usart.o(.data)
    .data                                    0x200001e0   Section        4  usart.o(.data)
    .data                                    0x200001e4   Section       16  stm32f4xx_rcc.o(.data)
    APBAHBPrescTable                         0x200001e4   Data          16  stm32f4xx_rcc.o(.data)
    .bss                                     0x200001f4   Section      184  usart2.o(.bss)
    .bss                                     0x200002ac   Section       16  sys.o(.bss)
    .bss                                     0x200002bc   Section      200  usart.o(.bss)
    .bss                                     0x20000384   Section       96  libspace.o(.bss)
    HEAP                                     0x200003e8   Section      512  startup_stm32f40_41xxx.o(HEAP)
    Heap_Mem                                 0x200003e8   Data         512  startup_stm32f40_41xxx.o(HEAP)
    STACK                                    0x200005e8   Section     1024  startup_stm32f40_41xxx.o(STACK)
    Stack_Mem                                0x200005e8   Data        1024  startup_stm32f40_41xxx.o(STACK)
    __initial_sp                             0x200009e8   Data           0  startup_stm32f40_41xxx.o(STACK)

    Global Symbols

    Symbol Name                              Value     Ov Type        Size  Object(Section)

    BuildAttributes$$THM_ISAv4$E$P$D$K$B$S$7EM$VFPi3$EXTD16$VFPS$VFMA$PE$A:L22UL41UL21$X:L11$S22US41US21$IEEE1$IW$USESV6$~STKCKD$USESV7$~SHL$OTIME$ROPI$IEEEX$EBA8$UX$STANDARDLIB$REQ8$PRES8$EABIv2 0x00000000   Number         0  anon$$obj.o ABSOLUTE
    __ARM_use_no_argv                        0x00000000   Number         0  main.o ABSOLUTE
    __ARM_exceptions_init                     - Undefined Weak Reference
    __alloca_initialize                       - Undefined Weak Reference
    __arm_preinit_                            - Undefined Weak Reference
    __cpp_initialize__aeabi_                  - Undefined Weak Reference
    __cxa_finalize                            - Undefined Weak Reference
    __sigvec_lookup                           - Undefined Weak Reference
    _atexit_init                              - Undefined Weak Reference
    _call_atexit_fns                          - Undefined Weak Reference
    _clock_init                               - Undefined Weak Reference
    _fp_trap_init                             - Undefined Weak Reference
    _fp_trap_shutdown                         - Undefined Weak Reference
    _get_lc_collate                           - Undefined Weak Reference
    _get_lc_monetary                          - Undefined Weak Reference
    _get_lc_time                              - Undefined Weak Reference
    _getenv_init                              - Undefined Weak Reference
    _handle_redirection                       - Undefined Weak Reference
    _init_alloc                               - Undefined Weak Reference
    _init_user_alloc                          - Undefined Weak Reference
    _initio                                   - Undefined Weak Reference
    _mutex_acquire                            - Undefined Weak Reference
    _mutex_release                            - Undefined Weak Reference
    _printf_post_padding                      - Undefined Weak Reference
    _printf_pre_padding                       - Undefined Weak Reference
    _printf_truncate_signed                   - Undefined Weak Reference
    _printf_truncate_unsigned                 - Undefined Weak Reference
    _rand_init                                - Undefined Weak Reference
    _signal_finish                            - Undefined Weak Reference
    _signal_init                              - Undefined Weak Reference
    _terminate_alloc                          - Undefined Weak Reference
    _terminate_user_alloc                     - Undefined Weak Reference
    _terminateio                              - Undefined Weak Reference
    __Vectors_Size                           0x00000188   Number         0  startup_stm32f40_41xxx.o ABSOLUTE
    __Vectors                                0x08000000   Data           4  startup_stm32f40_41xxx.o(RESET)
    __Vectors_End                            0x08000188   Data           0  startup_stm32f40_41xxx.o(RESET)
    __main                                   0x08000189   Thumb Code     8  __main.o(!!!main)
    __scatterload                            0x08000191   Thumb Code     0  __scatter.o(!!!scatter)
    __scatterload_rt2                        0x08000191   Thumb Code    44  __scatter.o(!!!scatter)
    __scatterload_rt2_thumb_only             0x08000191   Thumb Code     0  __scatter.o(!!!scatter)
    __scatterload_null                       0x0800019f   Thumb Code     0  __scatter.o(!!!scatter)
    __decompress                             0x080001c5   Thumb Code    90  __dczerorl2.o(!!dczerorl2)
    __decompress1                            0x080001c5   Thumb Code     0  __dczerorl2.o(!!dczerorl2)
    __scatterload_zeroinit                   0x08000221   Thumb Code    28  __scatter_zi.o(!!handler_zi)
    _printf_f                                0x0800023d   Thumb Code     0  _printf_f.o(.ARM.Collect$$_printf_percent$$00000003)
    _printf_percent                          0x0800023d   Thumb Code     0  _printf_percent.o(.ARM.Collect$$_printf_percent$$00000000)
    _printf_d                                0x08000243   Thumb Code     0  _printf_d.o(.ARM.Collect$$_printf_percent$$00000009)
    _printf_percent_end                      0x08000249   Thumb Code     0  _printf_percent_end.o(.ARM.Collect$$_printf_percent$$00000017)
    __rt_lib_init                            0x0800024d   Thumb Code     0  libinit.o(.ARM.Collect$$libinit$$00000000)
    __rt_lib_init_fp_1                       0x0800024f   Thumb Code     0  libinit2.o(.ARM.Collect$$libinit$$00000001)
    __rt_lib_init_heap_1                     0x08000253   Thumb Code     0  libinit2.o(.ARM.Collect$$libinit$$0000000A)
    __rt_lib_init_lc_common                  0x08000253   Thumb Code     0  libinit2.o(.ARM.Collect$$libinit$$0000000F)
    __rt_lib_init_preinit_1                  0x08000253   Thumb Code     0  libinit2.o(.ARM.Collect$$libinit$$00000004)
    __rt_lib_init_rand_1                     0x08000253   Thumb Code     0  libinit2.o(.ARM.Collect$$libinit$$0000000E)
    __rt_lib_init_user_alloc_1               0x08000253   Thumb Code     0  libinit2.o(.ARM.Collect$$libinit$$0000000C)
    __rt_lib_init_lc_collate_1               0x08000259   Thumb Code     0  libinit2.o(.ARM.Collect$$libinit$$00000011)
    __rt_lib_init_lc_ctype_2                 0x08000259   Thumb Code     0  libinit2.o(.ARM.Collect$$libinit$$00000012)
    __rt_lib_init_lc_ctype_1                 0x08000265   Thumb Code     0  libinit2.o(.ARM.Collect$$libinit$$00000013)
    __rt_lib_init_lc_monetary_1              0x08000265   Thumb Code     0  libinit2.o(.ARM.Collect$$libinit$$00000015)
    __rt_lib_init_lc_numeric_2               0x08000265   Thumb Code     0  libinit2.o(.ARM.Collect$$libinit$$00000016)
    __rt_lib_init_alloca_1                   0x0800026f   Thumb Code     0  libinit2.o(.ARM.Collect$$libinit$$0000002E)
    __rt_lib_init_argv_1                     0x0800026f   Thumb Code     0  libinit2.o(.ARM.Collect$$libinit$$0000002C)
    __rt_lib_init_atexit_1                   0x0800026f   Thumb Code     0  libinit2.o(.ARM.Collect$$libinit$$0000001B)
    __rt_lib_init_clock_1                    0x0800026f   Thumb Code     0  libinit2.o(.ARM.Collect$$libinit$$00000021)
    __rt_lib_init_cpp_1                      0x0800026f   Thumb Code     0  libinit2.o(.ARM.Collect$$libinit$$00000032)
    __rt_lib_init_exceptions_1               0x0800026f   Thumb Code     0  libinit2.o(.ARM.Collect$$libinit$$00000030)
    __rt_lib_init_fp_trap_1                  0x0800026f   Thumb Code     0  libinit2.o(.ARM.Collect$$libinit$$0000001F)
    __rt_lib_init_getenv_1                   0x0800026f   Thumb Code     0  libinit2.o(.ARM.Collect$$libinit$$00000023)
    __rt_lib_init_lc_numeric_1               0x0800026f   Thumb Code     0  libinit2.o(.ARM.Collect$$libinit$$00000017)
    __rt_lib_init_lc_time_1                  0x0800026f   Thumb Code     0  libinit2.o(.ARM.Collect$$libinit$$00000019)
    __rt_lib_init_return                     0x0800026f   Thumb Code     0  libinit2.o(.ARM.Collect$$libinit$$00000033)
    __rt_lib_init_signal_1                   0x0800026f   Thumb Code     0  libinit2.o(.ARM.Collect$$libinit$$0000001D)
    __rt_lib_init_stdio_1                    0x0800026f   Thumb Code     0  libinit2.o(.ARM.Collect$$libinit$$00000025)
    __rt_lib_shutdown                        0x08000271   Thumb Code     0  libshutdown.o(.ARM.Collect$$libshutdown$$00000000)
    __rt_lib_shutdown_cpp_1                  0x08000273   Thumb Code     0  libshutdown2.o(.ARM.Collect$$libshutdown$$00000002)
    __rt_lib_shutdown_fp_trap_1              0x08000273   Thumb Code     0  libshutdown2.o(.ARM.Collect$$libshutdown$$00000007)
    __rt_lib_shutdown_heap_1                 0x08000273   Thumb Code     0  libshutdown2.o(.ARM.Collect$$libshutdown$$0000000F)
    __rt_lib_shutdown_return                 0x08000273   Thumb Code     0  libshutdown2.o(.ARM.Collect$$libshutdown$$00000010)
    __rt_lib_shutdown_signal_1               0x08000273   Thumb Code     0  libshutdown2.o(.ARM.Collect$$libshutdown$$0000000A)
    __rt_lib_shutdown_stdio_1                0x08000273   Thumb Code     0  libshutdown2.o(.ARM.Collect$$libshutdown$$00000004)
    __rt_lib_shutdown_user_alloc_1           0x08000273   Thumb Code     0  libshutdown2.o(.ARM.Collect$$libshutdown$$0000000C)
    __rt_entry                               0x08000275   Thumb Code     0  __rtentry.o(.ARM.Collect$$rtentry$$00000000)
    __rt_entry_presh_1                       0x08000275   Thumb Code     0  __rtentry2.o(.ARM.Collect$$rtentry$$00000002)
    __rt_entry_sh                            0x08000275   Thumb Code     0  __rtentry4.o(.ARM.Collect$$rtentry$$00000004)
    __rt_entry_li                            0x0800027b   Thumb Code     0  __rtentry2.o(.ARM.Collect$$rtentry$$0000000A)
    __rt_entry_postsh_1                      0x0800027b   Thumb Code     0  __rtentry2.o(.ARM.Collect$$rtentry$$00000009)
    __rt_entry_main                          0x0800027f   Thumb Code     0  __rtentry2.o(.ARM.Collect$$rtentry$$0000000D)
    __rt_entry_postli_1                      0x0800027f   Thumb Code     0  __rtentry2.o(.ARM.Collect$$rtentry$$0000000C)
    __rt_exit                                0x08000287   Thumb Code     0  rtexit.o(.ARM.Collect$$rtexit$$00000000)
    __rt_exit_ls                             0x08000289   Thumb Code     0  rtexit2.o(.ARM.Collect$$rtexit$$00000003)
    __rt_exit_prels_1                        0x08000289   Thumb Code     0  rtexit2.o(.ARM.Collect$$rtexit$$00000002)
    __rt_exit_exit                           0x0800028d   Thumb Code     0  rtexit2.o(.ARM.Collect$$rtexit$$00000004)
    Reset_Handler                            0x08000295   Thumb Code     8  startup_stm32f40_41xxx.o(.text)
    SysTick_Handler                          0x080002ad   Thumb Code     2  startup_stm32f40_41xxx.o(.text)
    ADC_IRQHandler                           0x080002af   Thumb Code     0  startup_stm32f40_41xxx.o(.text)
    CAN1_RX0_IRQHandler                      0x080002af   Thumb Code     0  startup_stm32f40_41xxx.o(.text)
    CAN1_RX1_IRQHandler                      0x080002af   Thumb Code     0  startup_stm32f40_41xxx.o(.text)
    CAN1_SCE_IRQHandler                      0x080002af   Thumb Code     0  startup_stm32f40_41xxx.o(.text)
    CAN1_TX_IRQHandler                       0x080002af   Thumb Code     0  startup_stm32f40_41xxx.o(.text)
    CAN2_RX0_IRQHandler                      0x080002af   Thumb Code     0  startup_stm32f40_41xxx.o(.text)
    CAN2_RX1_IRQHandler                      0x080002af   Thumb Code     0  startup_stm32f40_41xxx.o(.text)
    CAN2_SCE_IRQHandler                      0x080002af   Thumb Code     0  startup_stm32f40_41xxx.o(.text)
    CAN2_TX_IRQHandler                       0x080002af   Thumb Code     0  startup_stm32f40_41xxx.o(.text)
    CRYP_IRQHandler                          0x080002af   Thumb Code     0  startup_stm32f40_41xxx.o(.text)
    DCMI_IRQHandler                          0x080002af   Thumb Code     0  startup_stm32f40_41xxx.o(.text)
    DMA1_Stream0_IRQHandler                  0x080002af   Thumb Code     0  startup_stm32f40_41xxx.o(.text)
    DMA1_Stream1_IRQHandler                  0x080002af   Thumb Code     0  startup_stm32f40_41xxx.o(.text)
    DMA1_Stream2_IRQHandler                  0x080002af   Thumb Code     0  startup_stm32f40_41xxx.o(.text)
    DMA1_Stream3_IRQHandler                  0x080002af   Thumb Code     0  startup_stm32f40_41xxx.o(.text)
    DMA1_Stream4_IRQHandler                  0x080002af   Thumb Code     0  startup_stm32f40_41xxx.o(.text)
    DMA1_Stream5_IRQHandler                  0x080002af   Thumb Code     0  startup_stm32f40_41xxx.o(.text)
    DMA1_Stream6_IRQHandler                  0x080002af   Thumb Code     0  startup_stm32f40_41xxx.o(.text)
    DMA1_Stream7_IRQHandler                  0x080002af   Thumb Code     0  startup_stm32f40_41xxx.o(.text)
    DMA2_Stream0_IRQHandler                  0x080002af   Thumb Code     0  startup_stm32f40_41xxx.o(.text)
    DMA2_Stream1_IRQHandler                  0x080002af   Thumb Code     0  startup_stm32f40_41xxx.o(.text)
    DMA2_Stream2_IRQHandler                  0x080002af   Thumb Code     0  startup_stm32f40_41xxx.o(.text)
    DMA2_Stream3_IRQHandler                  0x080002af   Thumb Code     0  startup_stm32f40_41xxx.o(.text)
    DMA2_Stream4_IRQHandler                  0x080002af   Thumb Code     0  startup_stm32f40_41xxx.o(.text)
    DMA2_Stream5_IRQHandler                  0x080002af   Thumb Code     0  startup_stm32f40_41xxx.o(.text)
    DMA2_Stream6_IRQHandler                  0x080002af   Thumb Code     0  startup_stm32f40_41xxx.o(.text)
    DMA2_Stream7_IRQHandler                  0x080002af   Thumb Code     0  startup_stm32f40_41xxx.o(.text)
    ETH_IRQHandler                           0x080002af   Thumb Code     0  startup_stm32f40_41xxx.o(.text)
    ETH_WKUP_IRQHandler                      0x080002af   Thumb Code     0  startup_stm32f40_41xxx.o(.text)
    EXTI0_IRQHandler                         0x080002af   Thumb Code     0  startup_stm32f40_41xxx.o(.text)
    EXTI15_10_IRQHandler                     0x080002af   Thumb Code     0  startup_stm32f40_41xxx.o(.text)
    EXTI1_IRQHandler                         0x080002af   Thumb Code     0  startup_stm32f40_41xxx.o(.text)
    EXTI2_IRQHandler                         0x080002af   Thumb Code     0  startup_stm32f40_41xxx.o(.text)
    EXTI3_IRQHandler                         0x080002af   Thumb Code     0  startup_stm32f40_41xxx.o(.text)
    EXTI4_IRQHandler                         0x080002af   Thumb Code     0  startup_stm32f40_41xxx.o(.text)
    EXTI9_5_IRQHandler                       0x080002af   Thumb Code     0  startup_stm32f40_41xxx.o(.text)
    FLASH_IRQHandler                         0x080002af   Thumb Code     0  startup_stm32f40_41xxx.o(.text)
    FPU_IRQHandler                           0x080002af   Thumb Code     0  startup_stm32f40_41xxx.o(.text)
    FSMC_IRQHandler                          0x080002af   Thumb Code     0  startup_stm32f40_41xxx.o(.text)
    HASH_RNG_IRQHandler                      0x080002af   Thumb Code     0  startup_stm32f40_41xxx.o(.text)
    I2C1_ER_IRQHandler                       0x080002af   Thumb Code     0  startup_stm32f40_41xxx.o(.text)
    I2C1_EV_IRQHandler                       0x080002af   Thumb Code     0  startup_stm32f40_41xxx.o(.text)
    I2C2_ER_IRQHandler                       0x080002af   Thumb Code     0  startup_stm32f40_41xxx.o(.text)
    I2C2_EV_IRQHandler                       0x080002af   Thumb Code     0  startup_stm32f40_41xxx.o(.text)
    I2C3_ER_IRQHandler                       0x080002af   Thumb Code     0  startup_stm32f40_41xxx.o(.text)
    I2C3_EV_IRQHandler                       0x080002af   Thumb Code     0  startup_stm32f40_41xxx.o(.text)
    OTG_FS_IRQHandler                        0x080002af   Thumb Code     0  startup_stm32f40_41xxx.o(.text)
    OTG_FS_WKUP_IRQHandler                   0x080002af   Thumb Code     0  startup_stm32f40_41xxx.o(.text)
    OTG_HS_EP1_IN_IRQHandler                 0x080002af   Thumb Code     0  startup_stm32f40_41xxx.o(.text)
    OTG_HS_EP1_OUT_IRQHandler                0x080002af   Thumb Code     0  startup_stm32f40_41xxx.o(.text)
    OTG_HS_IRQHandler                        0x080002af   Thumb Code     0  startup_stm32f40_41xxx.o(.text)
    OTG_HS_WKUP_IRQHandler                   0x080002af   Thumb Code     0  startup_stm32f40_41xxx.o(.text)
    PVD_IRQHandler                           0x080002af   Thumb Code     0  startup_stm32f40_41xxx.o(.text)
    RCC_IRQHandler                           0x080002af   Thumb Code     0  startup_stm32f40_41xxx.o(.text)
    RTC_Alarm_IRQHandler                     0x080002af   Thumb Code     0  startup_stm32f40_41xxx.o(.text)
    RTC_WKUP_IRQHandler                      0x080002af   Thumb Code     0  startup_stm32f40_41xxx.o(.text)
    SDIO_IRQHandler                          0x080002af   Thumb Code     0  startup_stm32f40_41xxx.o(.text)
    SPI1_IRQHandler                          0x080002af   Thumb Code     0  startup_stm32f40_41xxx.o(.text)
    SPI2_IRQHandler                          0x080002af   Thumb Code     0  startup_stm32f40_41xxx.o(.text)
    SPI3_IRQHandler                          0x080002af   Thumb Code     0  startup_stm32f40_41xxx.o(.text)
    TAMP_STAMP_IRQHandler                    0x080002af   Thumb Code     0  startup_stm32f40_41xxx.o(.text)
    TIM1_BRK_TIM9_IRQHandler                 0x080002af   Thumb Code     0  startup_stm32f40_41xxx.o(.text)
    TIM1_CC_IRQHandler                       0x080002af   Thumb Code     0  startup_stm32f40_41xxx.o(.text)
    TIM1_TRG_COM_TIM11_IRQHandler            0x080002af   Thumb Code     0  startup_stm32f40_41xxx.o(.text)
    TIM1_UP_TIM10_IRQHandler                 0x080002af   Thumb Code     0  startup_stm32f40_41xxx.o(.text)
    TIM2_IRQHandler                          0x080002af   Thumb Code     0  startup_stm32f40_41xxx.o(.text)
    TIM3_IRQHandler                          0x080002af   Thumb Code     0  startup_stm32f40_41xxx.o(.text)
    TIM6_DAC_IRQHandler                      0x080002af   Thumb Code     0  startup_stm32f40_41xxx.o(.text)
    TIM8_BRK_TIM12_IRQHandler                0x080002af   Thumb Code     0  startup_stm32f40_41xxx.o(.text)
    TIM8_CC_IRQHandler                       0x080002af   Thumb Code     0  startup_stm32f40_41xxx.o(.text)
    TIM8_TRG_COM_TIM14_IRQHandler            0x080002af   Thumb Code     0  startup_stm32f40_41xxx.o(.text)
    UART4_IRQHandler                         0x080002af   Thumb Code     0  startup_stm32f40_41xxx.o(.text)
    UART5_IRQHandler                         0x080002af   Thumb Code     0  startup_stm32f40_41xxx.o(.text)
    USART3_IRQHandler                        0x080002af   Thumb Code     0  startup_stm32f40_41xxx.o(.text)
    USART6_IRQHandler                        0x080002af   Thumb Code     0  startup_stm32f40_41xxx.o(.text)
    __user_initial_stackheap                 0x080002b1   Thumb Code     0  startup_stm32f40_41xxx.o(.text)
    __use_no_semihosting                     0x080002d5   Thumb Code     2  use_no_semi_2.o(.text)
    __aeabi_ldivmod                          0x080002d7   Thumb Code     0  llsdiv.o(.text)
    _ll_sdiv                                 0x080002d7   Thumb Code    72  llsdiv.o(.text)
    __2printf                                0x08000321   Thumb Code    20  noretval__2printf.o(.text)
    __printf                                 0x08000339   Thumb Code   104  __printf.o(.text)
    _printf_int_dec                          0x080003a1   Thumb Code   104  _printf_dec.o(.text)
    atoi                                     0x08000419   Thumb Code    26  atoi.o(.text)
    strstr                                   0x08000433   Thumb Code    36  strstr.o(.text)
    __aeabi_memcpy                           0x08000457   Thumb Code     0  rt_memcpy_v6.o(.text)
    __rt_memcpy                              0x08000457   Thumb Code   138  rt_memcpy_v6.o(.text)
    _memcpy_lastbytes                        0x080004bd   Thumb Code     0  rt_memcpy_v6.o(.text)
    __use_two_region_memory                  0x080004e1   Thumb Code     2  heapauxi.o(.text)
    __rt_heap_escrow$2region                 0x080004e3   Thumb Code     2  heapauxi.o(.text)
    __rt_heap_expand$2region                 0x080004e5   Thumb Code     2  heapauxi.o(.text)
    __I$use$semihosting                      0x080004e7   Thumb Code     0  use_no_semi.o(.text)
    __use_no_semihosting_swi                 0x080004e7   Thumb Code     2  use_no_semi.o(.text)
    __aeabi_errno_addr                       0x080004e9   Thumb Code     8  rt_errno_addr_intlibspace.o(.text)
    __errno$intlibspace                      0x080004e9   Thumb Code     0  rt_errno_addr_intlibspace.o(.text)
    __rt_errno_addr$intlibspace              0x080004e9   Thumb Code     0  rt_errno_addr_intlibspace.o(.text)
    __aeabi_uldivmod                         0x080004f1   Thumb Code     0  lludivv7m.o(.text)
    _ll_udiv                                 0x080004f1   Thumb Code   238  lludivv7m.o(.text)
    __read_errno                             0x080005df   Thumb Code    10  _rserrno.o(.text)
    __set_errno                              0x080005e9   Thumb Code    12  _rserrno.o(.text)
    _printf_int_common                       0x080005f5   Thumb Code   178  _printf_intcommon.o(.text)
    __lib_sel_fp_printf                      0x080006a7   Thumb Code     2  _printf_fp_dec.o(.text)
    _printf_fp_dec_real                      0x08000855   Thumb Code   620  _printf_fp_dec.o(.text)
    _printf_char_file                        0x08000ac1   Thumb Code    32  _printf_char_file.o(.text)
    __strtod_int                             0x08000b21   Thumb Code    90  strtod.o(.text)
    strtol                                   0x08000b89   Thumb Code   112  strtol.o(.text)
    __aeabi_memcpy4                          0x08000bf9   Thumb Code     0  rt_memcpy_w.o(.text)
    __aeabi_memcpy8                          0x08000bf9   Thumb Code     0  rt_memcpy_w.o(.text)
    __rt_memcpy_w                            0x08000bf9   Thumb Code   100  rt_memcpy_w.o(.text)
    _memcpy_lastbytes_aligned                0x08000c41   Thumb Code     0  rt_memcpy_w.o(.text)
    __user_libspace                          0x08000c5d   Thumb Code     8  libspace.o(.text)
    __user_perproc_libspace                  0x08000c5d   Thumb Code     0  libspace.o(.text)
    __user_perthread_libspace                0x08000c5d   Thumb Code     0  libspace.o(.text)
    __rt_ctype_table                         0x08000c65   Thumb Code    16  rt_ctype_table.o(.text)
    __rt_locale                              0x08000c75   Thumb Code     8  rt_locale_intlibspace.o(.text)
    _ll_udiv10                               0x08000c7d   Thumb Code   138  lludiv10.o(.text)
    isspace                                  0x08000d07   Thumb Code    18  isspace.o(.text)
    _printf_char_common                      0x08000d23   Thumb Code    32  _printf_char_common.o(.text)
    _printf_fp_infnan                        0x08000d49   Thumb Code   112  _printf_fp_infnan.o(.text)
    _sgetc                                   0x08000dc9   Thumb Code    30  _sgetc.o(.text)
    _sbackspace                              0x08000de7   Thumb Code    34  _sgetc.o(.text)
    _strtoul                                 0x08000e09   Thumb Code   158  _strtoul.o(.text)
    _btod_etento                             0x08000ea9   Thumb Code   216  bigflt0.o(.text)
    ferror                                   0x08000f85   Thumb Code     8  ferror.o(.text)
    __user_setup_stackheap                   0x08000f8d   Thumb Code    74  sys_stackheap_outer.o(.text)
    _chval                                   0x08000fd7   Thumb Code    28  _chval.o(.text)
    _scanf_really_real                       0x080011f1   Thumb Code   668  scanf_fp.o(.text)
    exit                                     0x08001499   Thumb Code    18  exit.o(.text)
    strcmp                                   0x080014ad   Thumb Code   128  strcmpv7m.o(.text)
    _scanf_really_hex_real                   0x0800152d   Thumb Code   786  scanf_hexfp.o(.text)
    _scanf_really_infnan                     0x0800184d   Thumb Code   292  scanf_infnan.o(.text)
    __aeabi_llsl                             0x08001981   Thumb Code     0  llshl.o(.text)
    _ll_shift_l                              0x08001981   Thumb Code    38  llshl.o(.text)
    _btod_d2e                                0x080019a7   Thumb Code    62  btod.o(CL$$btod_d2e)
    _d2e_denorm_low                          0x080019e5   Thumb Code    70  btod.o(CL$$btod_d2e_denorm_low)
    _d2e_norm_op1                            0x08001a2b   Thumb Code    96  btod.o(CL$$btod_d2e_norm_op1)
    __btod_div_common                        0x08001a8b   Thumb Code   696  btod.o(CL$$btod_div_common)
    _e2d                                     0x08001dc5   Thumb Code    80  btod.o(CL$$btod_e2d)
    _e2e                                     0x08001e19   Thumb Code   198  btod.o(CL$$btod_e2e)
    _btod_ediv                               0x08001edf   Thumb Code    40  btod.o(CL$$btod_ediv)
    _btod_edivd                              0x08001f07   Thumb Code    40  btod.o(CL$$btod_edivd)
    _btod_emul                               0x08001f2f   Thumb Code    40  btod.o(CL$$btod_emul)
    _btod_emuld                              0x08001f57   Thumb Code    40  btod.o(CL$$btod_emuld)
    __btod_mult_common                       0x08001f7f   Thumb Code   580  btod.o(CL$$btod_mult_common)
    Angle_Err_Limit                          0x080021c5   Thumb Code    40  motordir.o(i.Angle_Err_Limit)
    BusFault_Handler                         0x080021f9   Thumb Code     2  stm32f4xx_it.o(i.BusFault_Handler)
    DMA_ByteAlign                            0x080021fd   Thumb Code    84  usart2.o(i.DMA_ByteAlign)
    DMA_ClearITPendingBit                    0x08002259   Thumb Code    32  stm32f4xx_dma.o(i.DMA_ClearITPendingBit)
    DMA_Cmd                                  0x08002285   Thumb Code    20  stm32f4xx_dma.o(i.DMA_Cmd)
    DMA_DeInit                               0x08002299   Thumb Code   272  stm32f4xx_dma.o(i.DMA_DeInit)
    DMA_DoubleBufferModeCmd                  0x080023bd   Thumb Code    20  stm32f4xx_dma.o(i.DMA_DoubleBufferModeCmd)
    DMA_DoubleBufferModeConfig               0x080023d1   Thumb Code    22  stm32f4xx_dma.o(i.DMA_DoubleBufferModeConfig)
    DMA_GetCurrentMemoryTarget               0x080023e7   Thumb Code    14  stm32f4xx_dma.o(i.DMA_GetCurrentMemoryTarget)
    DMA_GetITStatus                          0x080023f5   Thumb Code    68  stm32f4xx_dma.o(i.DMA_GetITStatus)
    DMA_Init                                 0x08002449   Thumb Code    80  stm32f4xx_dma.o(i.DMA_Init)
    DMA_SetCurrDataCounter                   0x0800249d   Thumb Code     4  stm32f4xx_dma.o(i.DMA_SetCurrDataCounter)
    DebugMon_Handler                         0x080024a1   Thumb Code     2  stm32f4xx_it.o(i.DebugMon_Handler)
    Encoder1_Get_CNT                         0x080024a5   Thumb Code    22  encoder.o(i.Encoder1_Get_CNT)
    Encoder1_TIM_Init                        0x080024c1   Thumb Code   140  encoder.o(i.Encoder1_TIM_Init)
    Encoder2_Get_CNT                         0x08002551   Thumb Code    22  encoder.o(i.Encoder2_Get_CNT)
    Encoder2_TIM_Init                        0x0800256d   Thumb Code   140  encoder.o(i.Encoder2_TIM_Init)
    Encoder_GPIO_Init                        0x080025fd   Thumb Code   188  encoder.o(i.Encoder_GPIO_Init)
    GPIO_Init                                0x080026c1   Thumb Code   162  stm32f4xx_gpio.o(i.GPIO_Init)
    GPIO_PinAFConfig                         0x08002763   Thumb Code    32  stm32f4xx_gpio.o(i.GPIO_PinAFConfig)
    GPIO_ReadInputDataBit                    0x08002783   Thumb Code    14  stm32f4xx_gpio.o(i.GPIO_ReadInputDataBit)
    GPIO_ResetBits                           0x08002791   Thumb Code     4  stm32f4xx_gpio.o(i.GPIO_ResetBits)
    GPIO_SetBits                             0x08002795   Thumb Code     4  stm32f4xx_gpio.o(i.GPIO_SetBits)
    HardFault_Handler                        0x08002799   Thumb Code     2  stm32f4xx_it.o(i.HardFault_Handler)
    KEY_Init                                 0x0800279d   Thumb Code    42  key.o(i.KEY_Init)
    KEY_Scan                                 0x080027cd   Thumb Code    56  key.o(i.KEY_Scan)
    MOTORGPIO_Init                           0x0800280d   Thumb Code   186  motordir.o(i.MOTORGPIO_Init)
    MemManage_Handler                        0x080028d5   Thumb Code     2  stm32f4xx_it.o(i.MemManage_Handler)
    MultiDMDistance                          0x080028d9   Thumb Code    78  tim1.o(i.MultiDMDistance)
    NMI_Handler                              0x0800292d   Thumb Code     2  stm32f4xx_it.o(i.NMI_Handler)
    NVIC_Init                                0x08002931   Thumb Code    96  misc.o(i.NVIC_Init)
    NVIC_PriorityGroupConfig                 0x08002995   Thumb Code    10  misc.o(i.NVIC_PriorityGroupConfig)
    PendSV_Handler                           0x080029a9   Thumb Code     2  stm32f4xx_it.o(i.PendSV_Handler)
    RCC_AHB1PeriphClockCmd                   0x080029ad   Thumb Code    18  stm32f4xx_rcc.o(i.RCC_AHB1PeriphClockCmd)
    RCC_APB1PeriphClockCmd                   0x080029c5   Thumb Code    18  stm32f4xx_rcc.o(i.RCC_APB1PeriphClockCmd)
    RCC_APB2PeriphClockCmd                   0x080029dd   Thumb Code    18  stm32f4xx_rcc.o(i.RCC_APB2PeriphClockCmd)
    RCC_GetClocksFreq                        0x080029f5   Thumb Code   132  stm32f4xx_rcc.o(i.RCC_GetClocksFreq)
    SVC_Handler                              0x08002a85   Thumb Code     2  stm32f4xx_it.o(i.SVC_Handler)
    SYS_GetCoreClockFreq                     0x08002a89   Thumb Code    18  sys.o(i.SYS_GetCoreClockFreq)
    SpeedSmoother                            0x08002b59   Thumb Code   156  motordir.o(i.SpeedSmoother)
    Stop                                     0x08002c09   Thumb Code    32  motordir.o(i.Stop)
    SysTick_CLKSourceConfig                  0x08002c31   Thumb Code    24  misc.o(i.SysTick_CLKSourceConfig)
    SystemInit                               0x08002c49   Thumb Code    74  system_stm32f4xx.o(i.SystemInit)
    TIM1_Int_Init                            0x08002d09   Thumb Code    80  tim1.o(i.TIM1_Int_Init)
    TIM3_PWM_Init                            0x08002d5d   Thumb Code   192  motor_pwm.o(i.TIM3_PWM_Init)
    TIM4_IRQHandler                          0x08002e25   Thumb Code    36  encoder.o(i.TIM4_IRQHandler)
    TIM5_IRQHandler                          0x08002e51   Thumb Code    36  encoder.o(i.TIM5_IRQHandler)
    TIM7_IRQHandler                          0x08002e7d   Thumb Code   258  tim1.o(i.TIM7_IRQHandler)
    TIM8_UP_TIM13_IRQHandler                 0x08002fa5   Thumb Code    30  motor_pwm.o(i.TIM8_UP_TIM13_IRQHandler)
    TIM_ARRPreloadConfig                     0x08002fd5   Thumb Code    20  stm32f4xx_tim.o(i.TIM_ARRPreloadConfig)
    TIM_ClearFlag                            0x08002fe9   Thumb Code     6  stm32f4xx_tim.o(i.TIM_ClearFlag)
    TIM_ClearITPendingBit                    0x08002fef   Thumb Code     6  stm32f4xx_tim.o(i.TIM_ClearITPendingBit)
    TIM_Cmd                                  0x08002ff5   Thumb Code    20  stm32f4xx_tim.o(i.TIM_Cmd)
    TIM_EncoderInterfaceConfig               0x08003009   Thumb Code    50  stm32f4xx_tim.o(i.TIM_EncoderInterfaceConfig)
    TIM_GetITStatus                          0x0800303b   Thumb Code    24  stm32f4xx_tim.o(i.TIM_GetITStatus)
    TIM_ICInit                               0x08003053   Thumb Code   172  stm32f4xx_tim.o(i.TIM_ICInit)
    TIM_ICStructInit                         0x080030ff   Thumb Code    16  stm32f4xx_tim.o(i.TIM_ICStructInit)
    TIM_ITConfig                             0x0800310f   Thumb Code    16  stm32f4xx_tim.o(i.TIM_ITConfig)
    TIM_OC1Init                              0x08003121   Thumb Code    88  stm32f4xx_tim.o(i.TIM_OC1Init)
    TIM_OC1PreloadConfig                     0x08003181   Thumb Code    12  stm32f4xx_tim.o(i.TIM_OC1PreloadConfig)
    TIM_OC2Init                              0x0800318d   Thumb Code   120  stm32f4xx_tim.o(i.TIM_OC2Init)
    TIM_OC2PreloadConfig                     0x0800320d   Thumb Code    20  stm32f4xx_tim.o(i.TIM_OC2PreloadConfig)
    TIM_SetCompare1                          0x08003221   Thumb Code     4  stm32f4xx_tim.o(i.TIM_SetCompare1)
    TIM_SetCompare2                          0x08003225   Thumb Code     4  stm32f4xx_tim.o(i.TIM_SetCompare2)
    TIM_SetCounter                           0x08003229   Thumb Code     4  stm32f4xx_tim.o(i.TIM_SetCounter)
    TIM_SetIC1Prescaler                      0x0800322d   Thumb Code    16  stm32f4xx_tim.o(i.TIM_SetIC1Prescaler)
    TIM_SetIC2Prescaler                      0x0800323d   Thumb Code    24  stm32f4xx_tim.o(i.TIM_SetIC2Prescaler)
    TIM_SetIC3Prescaler                      0x08003255   Thumb Code    16  stm32f4xx_tim.o(i.TIM_SetIC3Prescaler)
    TIM_SetIC4Prescaler                      0x08003265   Thumb Code    24  stm32f4xx_tim.o(i.TIM_SetIC4Prescaler)
    TIM_TimeBaseInit                         0x0800327d   Thumb Code    96  stm32f4xx_tim.o(i.TIM_TimeBaseInit)
    TurnLeft                                 0x080032f9   Thumb Code    90  motordir.o(i.TurnLeft)
    TurnRight                                0x08003365   Thumb Code    90  motordir.o(i.TurnRight)
    USART1_IRQHandler                        0x080033d1   Thumb Code    88  usart.o(i.USART1_IRQHandler)
    USART2_DMA_init                          0x08003435   Thumb Code   112  usart2.o(i.USART2_DMA_init)
    USART2_IRQHandler                        0x080034b1   Thumb Code   216  usart2.o(i.USART2_IRQHandler)
    USART_ClearFlag                          0x08003595   Thumb Code     6  stm32f4xx_usart.o(i.USART_ClearFlag)
    USART_ClearITPendingBit                  0x0800359b   Thumb Code    12  stm32f4xx_usart.o(i.USART_ClearITPendingBit)
    USART_Cmd                                0x080035a7   Thumb Code    20  stm32f4xx_usart.o(i.USART_Cmd)
    USART_DMACmd                             0x080035bb   Thumb Code    16  stm32f4xx_usart.o(i.USART_DMACmd)
    USART_GetITStatus                        0x080035cb   Thumb Code    62  stm32f4xx_usart.o(i.USART_GetITStatus)
    USART_ITConfig                           0x08003609   Thumb Code    48  stm32f4xx_usart.o(i.USART_ITConfig)
    USART_Init                               0x08003639   Thumb Code   164  stm32f4xx_usart.o(i.USART_Init)
    USART_ReceiveData                        0x080036e5   Thumb Code     8  stm32f4xx_usart.o(i.USART_ReceiveData)
    UsageFault_Handler                       0x080036ed   Thumb Code     2  stm32f4xx_it.o(i.UsageFault_Handler)
    WWDG_ClearFlag                           0x080036f1   Thumb Code     8  stm32f4xx_wwdg.o(i.WWDG_ClearFlag)
    WWDG_IRQHandler                          0x080036fd   Thumb Code    18  wwdg.o(i.WWDG_IRQHandler)
    WWDG_SetCounter                          0x08003715   Thumb Code    10  stm32f4xx_wwdg.o(i.WWDG_SetCounter)
    __ARM_fpclassify                         0x08003725   Thumb Code    48  fpclassify.o(i.__ARM_fpclassify)
    __hardfp_atan                            0x08003759   Thumb Code   622  atan.o(i.__hardfp_atan)
    __hardfp_atof                            0x08003a31   Thumb Code    44  atof.o(i.__hardfp_atof)
    __hardfp_exp                             0x08003a69   Thumb Code   714  exp.o(i.__hardfp_exp)
    __hardfp_fabs                            0x08003dc1   Thumb Code    20  fabs.o(i.__hardfp_fabs)
    __hardfp_ldexp                           0x08003dd9   Thumb Code   200  ldexp.o(i.__hardfp_ldexp)
    __kernel_poly                            0x08003ea9   Thumb Code   248  poly.o(i.__kernel_poly)
    __mathlib_dbl_infnan                     0x08003fa1   Thumb Code    20  dunder.o(i.__mathlib_dbl_infnan)
    __mathlib_dbl_overflow                   0x08003fb9   Thumb Code    24  dunder.o(i.__mathlib_dbl_overflow)
    __mathlib_dbl_underflow                  0x08003fd9   Thumb Code    24  dunder.o(i.__mathlib_dbl_underflow)
    __mathlib_narrow                         0x08003ff9   Thumb Code   166  narrow.o(i.__mathlib_narrow)
    __support_ldexp                          0x080040b1   Thumb Code    20  ldexp.o(i.__support_ldexp)
    _is_digit                                0x080040c5   Thumb Code    14  __printf_wp.o(i._is_digit)
    _sys_exit                                0x080040d3   Thumb Code     2  usart.o(i._sys_exit)
    delay_init                               0x080040d5   Thumb Code    38  delay.o(i.delay_init)
    delay_ms                                 0x08004101   Thumb Code    52  delay.o(i.delay_ms)
    delay_xms                                0x08004135   Thumb Code    46  delay.o(i.delay_xms)
    fabs                                     0x08004169   Thumb Code    24  fabs.o(i.fabs)
    fixedDistance                            0x08004181   Thumb Code   528  motordir.o(i.fixedDistance)
    fputc                                    0x080043dd   Thumb Code    14  usart.o(i.fputc)
    frexp                                    0x080043f1   Thumb Code   118  frexp.o(i.frexp)
    get_data                                 0x0800447d   Thumb Code   248  usart2.o(i.get_data)
    goForward                                0x080045b1   Thumb Code    72  motordir.o(i.goForward)
    isUpdate                                 0x08004609   Thumb Code   366  tim1.o(i.isUpdate)
    main                                     0x080047c1   Thumb Code   282  main.o(i.main)
    printDMCodeInfo                          0x08004969   Thumb Code    28  usart2.o(i.printDMCodeInfo)
    rotate                                   0x080049ad   Thumb Code   928  motordir.o(i.rotate)
    uart2_init                               0x08004de5   Thumb Code   240  usart2.o(i.uart2_init)
    uart_init                                0x08004ee5   Thumb Code   164  usart.o(i.uart_init)
    _get_lc_numeric                          0x08004f91   Thumb Code    44  lc_numeric_c.o(locale$$code)
    _get_lc_ctype                            0x08004fbd   Thumb Code    44  lc_ctype_c.o(locale$$code)
    __aeabi_dneg                             0x08004fe9   Thumb Code     0  basic.o(x$fpl$basic)
    _dneg                                    0x08004fe9   Thumb Code     6  basic.o(x$fpl$basic)
    __aeabi_fneg                             0x08004fef   Thumb Code     0  basic.o(x$fpl$basic)
    _fneg                                    0x08004fef   Thumb Code     6  basic.o(x$fpl$basic)
    _dabs                                    0x08004ff5   Thumb Code     6  basic.o(x$fpl$basic)
    _fabs                                    0x08004ffb   Thumb Code     6  basic.o(x$fpl$basic)
    __aeabi_d2f                              0x08005001   Thumb Code     0  d2f.o(x$fpl$d2f)
    _d2f                                     0x08005001   Thumb Code    98  d2f.o(x$fpl$d2f)
    __aeabi_dadd                             0x08005065   Thumb Code     0  daddsub_clz.o(x$fpl$dadd)
    _dadd                                    0x08005065   Thumb Code   332  daddsub_clz.o(x$fpl$dadd)
    __fpl_dcheck_NaN1                        0x080051b5   Thumb Code    10  dcheck1.o(x$fpl$dcheck1)
    __fpl_dcmp_Inf                           0x080051c5   Thumb Code    24  dcmpi.o(x$fpl$dcmpinf)
    __aeabi_ddiv                             0x080051dd   Thumb Code     0  ddiv.o(x$fpl$ddiv)
    _ddiv                                    0x080051dd   Thumb Code   552  ddiv.o(x$fpl$ddiv)
    __aeabi_cdcmpeq                          0x0800548d   Thumb Code     0  deqf.o(x$fpl$deqf)
    _dcmpeq                                  0x0800548d   Thumb Code   120  deqf.o(x$fpl$deqf)
    __aeabi_d2iz                             0x08005505   Thumb Code     0  dfix.o(x$fpl$dfix)
    _dfix                                    0x08005505   Thumb Code    94  dfix.o(x$fpl$dfix)
    __aeabi_d2uiz                            0x08005565   Thumb Code     0  dfixu.o(x$fpl$dfixu)
    _dfixu                                   0x08005565   Thumb Code    90  dfixu.o(x$fpl$dfixu)
    __aeabi_i2d                              0x080055bf   Thumb Code     0  dflt_clz.o(x$fpl$dflt)
    _dflt                                    0x080055bf   Thumb Code    46  dflt_clz.o(x$fpl$dflt)
    __aeabi_l2d                              0x080055ed   Thumb Code     0  dfltll_clz.o(x$fpl$dfltll)
    _ll_sto_d                                0x080055ed   Thumb Code   162  dfltll_clz.o(x$fpl$dfltll)
    __aeabi_cdcmple                          0x08005691   Thumb Code     0  dleqf.o(x$fpl$dleqf)
    _dcmple                                  0x08005691   Thumb Code   120  dleqf.o(x$fpl$dleqf)
    __fpl_dcmple_InfNaN                      0x080056f3   Thumb Code     0  dleqf.o(x$fpl$dleqf)
    __aeabi_dmul                             0x08005709   Thumb Code     0  dmul.o(x$fpl$dmul)
    _dmul                                    0x08005709   Thumb Code   332  dmul.o(x$fpl$dmul)
    __fpl_dnaninf                            0x0800585d   Thumb Code   156  dnaninf.o(x$fpl$dnaninf)
    __fpl_dretinf                            0x080058f9   Thumb Code    12  dretinf.o(x$fpl$dretinf)
    __aeabi_cdrcmple                         0x08005905   Thumb Code     0  drleqf.o(x$fpl$drleqf)
    _drcmple                                 0x08005905   Thumb Code   108  drleqf.o(x$fpl$drleqf)
    __aeabi_drsub                            0x08005971   Thumb Code     0  daddsub_clz.o(x$fpl$drsb)
    _drsb                                    0x08005971   Thumb Code    22  daddsub_clz.o(x$fpl$drsb)
    __aeabi_dsub                             0x08005989   Thumb Code     0  daddsub_clz.o(x$fpl$dsub)
    _dsub                                    0x08005989   Thumb Code   464  daddsub_clz.o(x$fpl$dsub)
    __aeabi_f2d                              0x08005b5d   Thumb Code     0  f2d.o(x$fpl$f2d)
    _f2d                                     0x08005b5d   Thumb Code    86  f2d.o(x$fpl$f2d)
    __aeabi_ul2f                             0x08005bb3   Thumb Code     0  ffltll_clz.o(x$fpl$ffltll)
    _ll_uto_f                                0x08005bb3   Thumb Code     6  ffltll_clz.o(x$fpl$ffltll)
    __aeabi_l2f                              0x08005bb9   Thumb Code     0  ffltll_clz.o(x$fpl$ffltll)
    _ll_sto_f                                0x08005bb9   Thumb Code    90  ffltll_clz.o(x$fpl$ffltll)
    __fpl_fnaninf                            0x08005c13   Thumb Code   140  fnaninf.o(x$fpl$fnaninf)
    _fp_init                                 0x08005c9f   Thumb Code    10  fpinit.o(x$fpl$fpinit)
    __fplib_config_fpu_vfp                   0x08005ca7   Thumb Code     0  fpinit.o(x$fpl$fpinit)
    __fplib_config_pureend_doubles           0x08005ca7   Thumb Code     0  fpinit.o(x$fpl$fpinit)
    __fpl_fretinf                            0x08005ca9   Thumb Code    10  fretinf.o(x$fpl$fretinf)
    __aeabi_f2lz                             0x08005cb5   Thumb Code     0  ffixll.o(x$fpl$llsfromf)
    _ll_sfrom_f                              0x08005cb5   Thumb Code   134  ffixll.o(x$fpl$llsfromf)
    _printf_fp_dec                           0x08005d3b   Thumb Code     4  printf1.o(x$fpl$printf1)
    __fpl_return_NaN                         0x08005d3f   Thumb Code   100  retnan.o(x$fpl$retnan)
    __ARM_scalbn                             0x08005da3   Thumb Code    92  scalbn.o(x$fpl$scalbn)
    _scanf_real                              0x08005dff   Thumb Code     4  scanf1.o(x$fpl$scanf1)
    _scanf_hex_real                          0x08005e03   Thumb Code     4  scanf2.o(x$fpl$scanf2)
    _scanf_infnan                            0x08005e07   Thumb Code     4  scanf2.o(x$fpl$scanf2)
    __fpl_cmpreturn                          0x08005e0b   Thumb Code    48  trapv.o(x$fpl$trapveneer)
    __I$use$fp                               0x08005e3a   Number         0  usenofp.o(x$fpl$usenofp)
    Region$$Table$$Base                      0x08005fc4   Number         0  anon$$obj.o(Region$$Table)
    Region$$Table$$Limit                     0x08005fe4   Number         0  anon$$obj.o(Region$$Table)
    __aeabi_HUGE_VAL                         0x08005fe4   Data           0  fpconst.o(c$$dinf)
    __aeabi_HUGE_VALL                        0x08005fe4   Data           0  fpconst.o(c$$dinf)
    __aeabi_INFINITY                         0x08005fe4   Data           0  fpconst.o(c$$dinf)
    __dInf                                   0x08005fe4   Data           0  fpconst.o(c$$dinf)
    __huge_val                               0x08005fe4   Data           0  fpconst.o(c$$dinf)
    __ctype                                  0x08006015   Data           0  lc_ctype_c.o(locale$$data)
    SystemCoreClock                          0x20000000   Data           4  system_stm32f4xx.o(.data)
    AHBPrescTable                            0x20000004   Data          16  system_stm32f4xx.o(.data)
    recvComplete                             0x20000016   Data           1  usart2.o(.data)
    USART2_RX_STA                            0x20000018   Data           2  usart2.o(.data)
    goFowardFlag                             0x20000020   Data           1  tim1.o(.data)
    mutil                                    0x20000021   Data           1  tim1.o(.data)
    len                                      0x20000024   Data           4  tim1.o(.data)
    timecount                                0x20000028   Data           4  tim1.o(.data)
    trackIndex                               0x2000002c   Data           4  tim1.o(.data)
    multiDistance                            0x20000030   Data           4  tim1.o(.data)
    curIndex                                 0x20000038   Data           8  tim1.o(.data)
    idAndDir                                 0x20000040   Data          96  tim1.o(.data)
    id                                       0x200000a0   Data          96  tim1.o(.data)
    angle                                    0x20000100   Data          96  tim1.o(.data)
    stopId                                   0x20000160   Data           8  tim1.o(.data)
    wheel_speed                              0x20000168   Data           4  motor_pwm.o(.data)
    lineSurplus                              0x20000174   Data           2  motordir.o(.data)
    deviation                                0x200001a8   Data           8  motordir.o(.data)
    WWDG_CNT                                 0x200001c8   Data           1  wwdg.o(.data)
    counter1                                 0x200001cc   Data           4  encoder.o(.data)
    counter2                                 0x200001d0   Data           4  encoder.o(.data)
    Current_SysCoreClock                     0x200001d8   Data           4  sys.o(.data)
    USART_RX_STA                             0x200001dc   Data           2  usart.o(.data)
    __stdout                                 0x200001e0   Data           4  usart.o(.data)
    USART2_RX_BUF                            0x200001f4   Data          46  usart2.o(.bss)
    USART2_RX_BUF1                           0x20000222   Data          46  usart2.o(.bss)
    DMCodeData                               0x20000250   Data          46  usart2.o(.bss)
    DMCodeInfo                               0x20000280   Data          44  usart2.o(.bss)
    Get_RCC_Clocks                           0x200002ac   Data          16  sys.o(.bss)
    USART_RX_BUF                             0x200002bc   Data         200  usart.o(.bss)
    __libspace_start                         0x20000384   Data          96  libspace.o(.bss)
    __temporary_stack_top$libspace           0x200003e4   Data           0  libspace.o(.bss)



==============================================================================

Memory Map of the image

  Image Entry point : 0x08000189

  Load Region LR_IROM1 (Base: 0x08000000, Size: 0x0000630c, Max: 0x00100000, ABSOLUTE, COMPRESSED[0x000061a8])

    Execution Region ER_IROM1 (Base: 0x08000000, Size: 0x00006118, Max: 0x00100000, ABSOLUTE)

    Base Addr    Size         Type   Attr      Idx    E Section Name        Object

    0x08000000   0x00000188   Data   RO         1218    RESET               startup_stm32f40_41xxx.o
    0x08000188   0x00000008   Code   RO         2725  * !!!main             c_w.l(__main.o)
    0x08000190   0x00000034   Code   RO         3153    !!!scatter          c_w.l(__scatter.o)
    0x080001c4   0x0000005a   Code   RO         3151    !!dczerorl2         c_w.l(__dczerorl2.o)
    0x0800021e   0x00000002   PAD
    0x08000220   0x0000001c   Code   RO         3155    !!handler_zi        c_w.l(__scatter_zi.o)
    0x0800023c   0x00000000   Code   RO         2716    .ARM.Collect$$_printf_percent$$00000000  c_w.l(_printf_percent.o)
    0x0800023c   0x00000006   Code   RO         2715    .ARM.Collect$$_printf_percent$$00000003  c_w.l(_printf_f.o)
    0x08000242   0x00000006   Code   RO         2714    .ARM.Collect$$_printf_percent$$00000009  c_w.l(_printf_d.o)
    0x08000248   0x00000004   Code   RO         2831    .ARM.Collect$$_printf_percent$$00000017  c_w.l(_printf_percent_end.o)
    0x0800024c   0x00000002   Code   RO         2971    .ARM.Collect$$libinit$$00000000  c_w.l(libinit.o)
    0x0800024e   0x00000004   Code   RO         2972    .ARM.Collect$$libinit$$00000001  c_w.l(libinit2.o)
    0x08000252   0x00000000   Code   RO         2975    .ARM.Collect$$libinit$$00000004  c_w.l(libinit2.o)
    0x08000252   0x00000000   Code   RO         2978    .ARM.Collect$$libinit$$0000000A  c_w.l(libinit2.o)
    0x08000252   0x00000000   Code   RO         2980    .ARM.Collect$$libinit$$0000000C  c_w.l(libinit2.o)
    0x08000252   0x00000000   Code   RO         2982    .ARM.Collect$$libinit$$0000000E  c_w.l(libinit2.o)
    0x08000252   0x00000006   Code   RO         2983    .ARM.Collect$$libinit$$0000000F  c_w.l(libinit2.o)
    0x08000258   0x00000000   Code   RO         2985    .ARM.Collect$$libinit$$00000011  c_w.l(libinit2.o)
    0x08000258   0x0000000c   Code   RO         2986    .ARM.Collect$$libinit$$00000012  c_w.l(libinit2.o)
    0x08000264   0x00000000   Code   RO         2987    .ARM.Collect$$libinit$$00000013  c_w.l(libinit2.o)
    0x08000264   0x00000000   Code   RO         2989    .ARM.Collect$$libinit$$00000015  c_w.l(libinit2.o)
    0x08000264   0x0000000a   Code   RO         2990    .ARM.Collect$$libinit$$00000016  c_w.l(libinit2.o)
    0x0800026e   0x00000000   Code   RO         2991    .ARM.Collect$$libinit$$00000017  c_w.l(libinit2.o)
    0x0800026e   0x00000000   Code   RO         2993    .ARM.Collect$$libinit$$00000019  c_w.l(libinit2.o)
    0x0800026e   0x00000000   Code   RO         2995    .ARM.Collect$$libinit$$0000001B  c_w.l(libinit2.o)
    0x0800026e   0x00000000   Code   RO         2997    .ARM.Collect$$libinit$$0000001D  c_w.l(libinit2.o)
    0x0800026e   0x00000000   Code   RO         2999    .ARM.Collect$$libinit$$0000001F  c_w.l(libinit2.o)
    0x0800026e   0x00000000   Code   RO         3001    .ARM.Collect$$libinit$$00000021  c_w.l(libinit2.o)
    0x0800026e   0x00000000   Code   RO         3003    .ARM.Collect$$libinit$$00000023  c_w.l(libinit2.o)
    0x0800026e   0x00000000   Code   RO         3005    .ARM.Collect$$libinit$$00000025  c_w.l(libinit2.o)
    0x0800026e   0x00000000   Code   RO         3009    .ARM.Collect$$libinit$$0000002C  c_w.l(libinit2.o)
    0x0800026e   0x00000000   Code   RO         3011    .ARM.Collect$$libinit$$0000002E  c_w.l(libinit2.o)
    0x0800026e   0x00000000   Code   RO         3013    .ARM.Collect$$libinit$$00000030  c_w.l(libinit2.o)
    0x0800026e   0x00000000   Code   RO         3015    .ARM.Collect$$libinit$$00000032  c_w.l(libinit2.o)
    0x0800026e   0x00000002   Code   RO         3016    .ARM.Collect$$libinit$$00000033  c_w.l(libinit2.o)
    0x08000270   0x00000002   Code   RO         3087    .ARM.Collect$$libshutdown$$00000000  c_w.l(libshutdown.o)
    0x08000272   0x00000000   Code   RO         3112    .ARM.Collect$$libshutdown$$00000002  c_w.l(libshutdown2.o)
    0x08000272   0x00000000   Code   RO         3114    .ARM.Collect$$libshutdown$$00000004  c_w.l(libshutdown2.o)
    0x08000272   0x00000000   Code   RO         3117    .ARM.Collect$$libshutdown$$00000007  c_w.l(libshutdown2.o)
    0x08000272   0x00000000   Code   RO         3120    .ARM.Collect$$libshutdown$$0000000A  c_w.l(libshutdown2.o)
    0x08000272   0x00000000   Code   RO         3122    .ARM.Collect$$libshutdown$$0000000C  c_w.l(libshutdown2.o)
    0x08000272   0x00000000   Code   RO         3125    .ARM.Collect$$libshutdown$$0000000F  c_w.l(libshutdown2.o)
    0x08000272   0x00000002   Code   RO         3126    .ARM.Collect$$libshutdown$$00000010  c_w.l(libshutdown2.o)
    0x08000274   0x00000000   Code   RO         2815    .ARM.Collect$$rtentry$$00000000  c_w.l(__rtentry.o)
    0x08000274   0x00000000   Code   RO         2876    .ARM.Collect$$rtentry$$00000002  c_w.l(__rtentry2.o)
    0x08000274   0x00000006   Code   RO         2888    .ARM.Collect$$rtentry$$00000004  c_w.l(__rtentry4.o)
    0x0800027a   0x00000000   Code   RO         2878    .ARM.Collect$$rtentry$$00000009  c_w.l(__rtentry2.o)
    0x0800027a   0x00000004   Code   RO         2879    .ARM.Collect$$rtentry$$0000000A  c_w.l(__rtentry2.o)
    0x0800027e   0x00000000   Code   RO         2881    .ARM.Collect$$rtentry$$0000000C  c_w.l(__rtentry2.o)
    0x0800027e   0x00000008   Code   RO         2882    .ARM.Collect$$rtentry$$0000000D  c_w.l(__rtentry2.o)
    0x08000286   0x00000002   Code   RO         3017    .ARM.Collect$$rtexit$$00000000  c_w.l(rtexit.o)
    0x08000288   0x00000000   Code   RO         3045    .ARM.Collect$$rtexit$$00000002  c_w.l(rtexit2.o)
    0x08000288   0x00000004   Code   RO         3046    .ARM.Collect$$rtexit$$00000003  c_w.l(rtexit2.o)
    0x0800028c   0x00000006   Code   RO         3047    .ARM.Collect$$rtexit$$00000004  c_w.l(rtexit2.o)
    0x08000292   0x00000002   PAD
    0x08000294   0x00000040   Code   RO         1219    .text               startup_stm32f40_41xxx.o
    0x080002d4   0x00000002   Code   RO         2682    .text               c_w.l(use_no_semi_2.o)
    0x080002d6   0x00000048   Code   RO         2684    .text               c_w.l(llsdiv.o)
    0x0800031e   0x00000002   PAD
    0x08000320   0x00000018   Code   RO         2688    .text               c_w.l(noretval__2printf.o)
    0x08000338   0x00000068   Code   RO         2690    .text               c_w.l(__printf.o)
    0x080003a0   0x00000078   Code   RO         2692    .text               c_w.l(_printf_dec.o)
    0x08000418   0x0000001a   Code   RO         2717    .text               c_w.l(atoi.o)
    0x08000432   0x00000024   Code   RO         2719    .text               c_w.l(strstr.o)
    0x08000456   0x0000008a   Code   RO         2721    .text               c_w.l(rt_memcpy_v6.o)
    0x080004e0   0x00000006   Code   RO         2723    .text               c_w.l(heapauxi.o)
    0x080004e6   0x00000002   Code   RO         2813    .text               c_w.l(use_no_semi.o)
    0x080004e8   0x00000008   Code   RO         2819    .text               c_w.l(rt_errno_addr_intlibspace.o)
    0x080004f0   0x000000ee   Code   RO         2821    .text               c_w.l(lludivv7m.o)
    0x080005de   0x00000016   Code   RO         2823    .text               c_w.l(_rserrno.o)
    0x080005f4   0x000000b2   Code   RO         2825    .text               c_w.l(_printf_intcommon.o)
    0x080006a6   0x0000041a   Code   RO         2827    .text               c_w.l(_printf_fp_dec.o)
    0x08000ac0   0x00000024   Code   RO         2829    .text               c_w.l(_printf_char_file.o)
    0x08000ae4   0x000000a4   Code   RO         2832    .text               c_w.l(strtod.o)
    0x08000b88   0x00000070   Code   RO         2834    .text               c_w.l(strtol.o)
    0x08000bf8   0x00000064   Code   RO         2836    .text               c_w.l(rt_memcpy_w.o)
    0x08000c5c   0x00000008   Code   RO         2872    .text               c_w.l(libspace.o)
    0x08000c64   0x00000010   Code   RO         2890    .text               c_w.l(rt_ctype_table.o)
    0x08000c74   0x00000008   Code   RO         2899    .text               c_w.l(rt_locale_intlibspace.o)
    0x08000c7c   0x0000008a   Code   RO         2901    .text               c_w.l(lludiv10.o)
    0x08000d06   0x00000012   Code   RO         2903    .text               c_w.l(isspace.o)
    0x08000d18   0x00000030   Code   RO         2905    .text               c_w.l(_printf_char_common.o)
    0x08000d48   0x00000080   Code   RO         2907    .text               c_w.l(_printf_fp_infnan.o)
    0x08000dc8   0x00000040   Code   RO         2909    .text               c_w.l(_sgetc.o)
    0x08000e08   0x0000009e   Code   RO         2911    .text               c_w.l(_strtoul.o)
    0x08000ea6   0x00000002   PAD
    0x08000ea8   0x000000dc   Code   RO         2913    .text               c_w.l(bigflt0.o)
    0x08000f84   0x00000008   Code   RO         2938    .text               c_w.l(ferror.o)
    0x08000f8c   0x0000004a   Code   RO         2949    .text               c_w.l(sys_stackheap_outer.o)
    0x08000fd6   0x0000001c   Code   RO         2955    .text               c_w.l(_chval.o)
    0x08000ff2   0x00000002   PAD
    0x08000ff4   0x000004a4   Code   RO         2957    .text               c_w.l(scanf_fp.o)
    0x08001498   0x00000012   Code   RO         2962    .text               c_w.l(exit.o)
    0x080014aa   0x00000002   PAD
    0x080014ac   0x00000080   Code   RO         2964    .text               c_w.l(strcmpv7m.o)
    0x0800152c   0x00000320   Code   RO         3053    .text               c_w.l(scanf_hexfp.o)
    0x0800184c   0x00000134   Code   RO         3055    .text               c_w.l(scanf_infnan.o)
    0x08001980   0x00000026   Code   RO         3075    .text               c_w.l(llshl.o)
    0x080019a6   0x0000003e   Code   RO         2916    CL$$btod_d2e        c_w.l(btod.o)
    0x080019e4   0x00000046   Code   RO         2918    CL$$btod_d2e_denorm_low  c_w.l(btod.o)
    0x08001a2a   0x00000060   Code   RO         2917    CL$$btod_d2e_norm_op1  c_w.l(btod.o)
    0x08001a8a   0x00000338   Code   RO         2926    CL$$btod_div_common  c_w.l(btod.o)
    0x08001dc2   0x00000002   PAD
    0x08001dc4   0x00000054   Code   RO         2924    CL$$btod_e2d        c_w.l(btod.o)
    0x08001e18   0x000000c6   Code   RO         2923    CL$$btod_e2e        c_w.l(btod.o)
    0x08001ede   0x00000028   Code   RO         2920    CL$$btod_ediv       c_w.l(btod.o)
    0x08001f06   0x00000028   Code   RO         2922    CL$$btod_edivd      c_w.l(btod.o)
    0x08001f2e   0x00000028   Code   RO         2919    CL$$btod_emul       c_w.l(btod.o)
    0x08001f56   0x00000028   Code   RO         2921    CL$$btod_emuld      c_w.l(btod.o)
    0x08001f7e   0x00000244   Code   RO         2925    CL$$btod_mult_common  c_w.l(btod.o)
    0x080021c2   0x00000002   PAD
    0x080021c4   0x00000034   Code   RO          871    i.Angle_Err_Limit   motordir.o
    0x080021f8   0x00000002   Code   RO            3    i.BusFault_Handler  stm32f4xx_it.o
    0x080021fa   0x00000002   PAD
    0x080021fc   0x0000005c   Code   RO          662    i.DMA_ByteAlign     usart2.o
    0x08002258   0x0000002c   Code   RO         1226    i.DMA_ClearITPendingBit  stm32f4xx_dma.o
    0x08002284   0x00000014   Code   RO         1227    i.DMA_Cmd           stm32f4xx_dma.o
    0x08002298   0x00000124   Code   RO         1228    i.DMA_DeInit        stm32f4xx_dma.o
    0x080023bc   0x00000014   Code   RO         1229    i.DMA_DoubleBufferModeCmd  stm32f4xx_dma.o
    0x080023d0   0x00000016   Code   RO         1230    i.DMA_DoubleBufferModeConfig  stm32f4xx_dma.o
    0x080023e6   0x0000000e   Code   RO         1234    i.DMA_GetCurrentMemoryTarget  stm32f4xx_dma.o
    0x080023f4   0x00000054   Code   RO         1237    i.DMA_GetITStatus   stm32f4xx_dma.o
    0x08002448   0x00000054   Code   RO         1239    i.DMA_Init          stm32f4xx_dma.o
    0x0800249c   0x00000004   Code   RO         1242    i.DMA_SetCurrDataCounter  stm32f4xx_dma.o
    0x080024a0   0x00000002   Code   RO            4    i.DebugMon_Handler  stm32f4xx_it.o
    0x080024a2   0x00000002   PAD
    0x080024a4   0x0000001c   Code   RO          991    i.Encoder1_Get_CNT  encoder.o
    0x080024c0   0x00000090   Code   RO          992    i.Encoder1_TIM_Init  encoder.o
    0x08002550   0x0000001c   Code   RO          993    i.Encoder2_Get_CNT  encoder.o
    0x0800256c   0x00000090   Code   RO          994    i.Encoder2_TIM_Init  encoder.o
    0x080025fc   0x000000c4   Code   RO          995    i.Encoder_GPIO_Init  encoder.o
    0x080026c0   0x000000a2   Code   RO         1398    i.GPIO_Init         stm32f4xx_gpio.o
    0x08002762   0x00000020   Code   RO         1399    i.GPIO_PinAFConfig  stm32f4xx_gpio.o
    0x08002782   0x0000000e   Code   RO         1402    i.GPIO_ReadInputDataBit  stm32f4xx_gpio.o
    0x08002790   0x00000004   Code   RO         1405    i.GPIO_ResetBits    stm32f4xx_gpio.o
    0x08002794   0x00000004   Code   RO         1406    i.GPIO_SetBits      stm32f4xx_gpio.o
    0x08002798   0x00000002   Code   RO            5    i.HardFault_Handler  stm32f4xx_it.o
    0x0800279a   0x00000002   PAD
    0x0800279c   0x00000030   Code   RO          629    i.KEY_Init          key.o
    0x080027cc   0x00000040   Code   RO          630    i.KEY_Scan          key.o
    0x0800280c   0x000000c8   Code   RO          872    i.MOTORGPIO_Init    motordir.o
    0x080028d4   0x00000002   Code   RO            6    i.MemManage_Handler  stm32f4xx_it.o
    0x080028d6   0x00000002   PAD
    0x080028d8   0x00000054   Code   RO          765    i.MultiDMDistance   tim1.o
    0x0800292c   0x00000002   Code   RO            7    i.NMI_Handler       stm32f4xx_it.o
    0x0800292e   0x00000002   PAD
    0x08002930   0x00000064   Code   RO         1353    i.NVIC_Init         misc.o
    0x08002994   0x00000014   Code   RO         1354    i.NVIC_PriorityGroupConfig  misc.o
    0x080029a8   0x00000002   Code   RO            8    i.PendSV_Handler    stm32f4xx_it.o
    0x080029aa   0x00000002   PAD
    0x080029ac   0x00000018   Code   RO         1495    i.RCC_AHB1PeriphClockCmd  stm32f4xx_rcc.o
    0x080029c4   0x00000018   Code   RO         1504    i.RCC_APB1PeriphClockCmd  stm32f4xx_rcc.o
    0x080029dc   0x00000018   Code   RO         1507    i.RCC_APB2PeriphClockCmd  stm32f4xx_rcc.o
    0x080029f4   0x00000090   Code   RO         1516    i.RCC_GetClocksFreq  stm32f4xx_rcc.o
    0x08002a84   0x00000002   Code   RO            9    i.SVC_Handler       stm32f4xx_it.o
    0x08002a86   0x00000002   PAD
    0x08002a88   0x0000001c   Code   RO         1138    i.SYS_GetCoreClockFreq  sys.o
    0x08002aa4   0x000000b4   Code   RO          175    i.SetSysClock       system_stm32f4xx.o
    0x08002b58   0x000000b0   Code   RO          873    i.SpeedSmoother     motordir.o
    0x08002c08   0x00000028   Code   RO          874    i.Stop              motordir.o
    0x08002c30   0x00000018   Code   RO         1357    i.SysTick_CLKSourceConfig  misc.o
    0x08002c48   0x0000005c   Code   RO          177    i.SystemInit        system_stm32f4xx.o
    0x08002ca4   0x0000002e   Code   RO         2073    i.TI1_Config        stm32f4xx_tim.o
    0x08002cd2   0x00000036   Code   RO         2074    i.TI2_Config        stm32f4xx_tim.o
    0x08002d08   0x00000054   Code   RO          766    i.TIM1_Int_Init     tim1.o
    0x08002d5c   0x000000c8   Code   RO          828    i.TIM3_PWM_Init     motor_pwm.o
    0x08002e24   0x0000002c   Code   RO          996    i.TIM4_IRQHandler   encoder.o
    0x08002e50   0x0000002c   Code   RO          997    i.TIM5_IRQHandler   encoder.o
    0x08002e7c   0x00000128   Code   RO          767    i.TIM7_IRQHandler   tim1.o
    0x08002fa4   0x00000030   Code   RO          830    i.TIM8_UP_TIM13_IRQHandler  motor_pwm.o
    0x08002fd4   0x00000014   Code   RO         2075    i.TIM_ARRPreloadConfig  stm32f4xx_tim.o
    0x08002fe8   0x00000006   Code   RO         2081    i.TIM_ClearFlag     stm32f4xx_tim.o
    0x08002fee   0x00000006   Code   RO         2082    i.TIM_ClearITPendingBit  stm32f4xx_tim.o
    0x08002ff4   0x00000014   Code   RO         2087    i.TIM_Cmd           stm32f4xx_tim.o
    0x08003008   0x00000032   Code   RO         2096    i.TIM_EncoderInterfaceConfig  stm32f4xx_tim.o
    0x0800303a   0x00000018   Code   RO         2108    i.TIM_GetITStatus   stm32f4xx_tim.o
    0x08003052   0x000000ac   Code   RO         2110    i.TIM_ICInit        stm32f4xx_tim.o
    0x080030fe   0x00000010   Code   RO         2111    i.TIM_ICStructInit  stm32f4xx_tim.o
    0x0800310e   0x00000010   Code   RO         2112    i.TIM_ITConfig      stm32f4xx_tim.o
    0x0800311e   0x00000002   PAD
    0x08003120   0x00000060   Code   RO         2116    i.TIM_OC1Init       stm32f4xx_tim.o
    0x08003180   0x0000000c   Code   RO         2119    i.TIM_OC1PreloadConfig  stm32f4xx_tim.o
    0x0800318c   0x00000080   Code   RO         2121    i.TIM_OC2Init       stm32f4xx_tim.o
    0x0800320c   0x00000014   Code   RO         2124    i.TIM_OC2PreloadConfig  stm32f4xx_tim.o
    0x08003220   0x00000004   Code   RO         2149    i.TIM_SetCompare1   stm32f4xx_tim.o
    0x08003224   0x00000004   Code   RO         2150    i.TIM_SetCompare2   stm32f4xx_tim.o
    0x08003228   0x00000004   Code   RO         2153    i.TIM_SetCounter    stm32f4xx_tim.o
    0x0800322c   0x00000010   Code   RO         2154    i.TIM_SetIC1Prescaler  stm32f4xx_tim.o
    0x0800323c   0x00000018   Code   RO         2155    i.TIM_SetIC2Prescaler  stm32f4xx_tim.o
    0x08003254   0x00000010   Code   RO         2156    i.TIM_SetIC3Prescaler  stm32f4xx_tim.o
    0x08003264   0x00000018   Code   RO         2157    i.TIM_SetIC4Prescaler  stm32f4xx_tim.o
    0x0800327c   0x0000007c   Code   RO         2159    i.TIM_TimeBaseInit  stm32f4xx_tim.o
    0x080032f8   0x0000006c   Code   RO          875    i.TurnLeft          motordir.o
    0x08003364   0x0000006c   Code   RO          876    i.TurnRight         motordir.o
    0x080033d0   0x00000064   Code   RO         1168    i.USART1_IRQHandler  usart.o
    0x08003434   0x0000007c   Code   RO          663    i.USART2_DMA_init   usart2.o
    0x080034b0   0x000000e4   Code   RO          664    i.USART2_IRQHandler  usart2.o
    0x08003594   0x00000006   Code   RO         1885    i.USART_ClearFlag   stm32f4xx_usart.o
    0x0800359a   0x0000000c   Code   RO         1886    i.USART_ClearITPendingBit  stm32f4xx_usart.o
    0x080035a6   0x00000014   Code   RO         1889    i.USART_Cmd         stm32f4xx_usart.o
    0x080035ba   0x00000010   Code   RO         1890    i.USART_DMACmd      stm32f4xx_usart.o
    0x080035ca   0x0000003e   Code   RO         1893    i.USART_GetITStatus  stm32f4xx_usart.o
    0x08003608   0x00000030   Code   RO         1895    i.USART_ITConfig    stm32f4xx_usart.o
    0x08003638   0x000000ac   Code   RO         1896    i.USART_Init        stm32f4xx_usart.o
    0x080036e4   0x00000008   Code   RO         1903    i.USART_ReceiveData  stm32f4xx_usart.o
    0x080036ec   0x00000002   Code   RO           10    i.UsageFault_Handler  stm32f4xx_it.o
    0x080036ee   0x00000002   PAD
    0x080036f0   0x0000000c   Code   RO         2620    i.WWDG_ClearFlag    stm32f4xx_wwdg.o
    0x080036fc   0x00000018   Code   RO          959    i.WWDG_IRQHandler   wwdg.o
    0x08003714   0x00000010   Code   RO         2625    i.WWDG_SetCounter   stm32f4xx_wwdg.o
    0x08003724   0x00000030   Code   RO         2867    i.__ARM_fpclassify  m_wm.l(fpclassify.o)
    0x08003754   0x00000004   PAD
    0x08003758   0x000002d8   Code   RO         2773    i.__hardfp_atan     m_wm.l(atan.o)
    0x08003a30   0x00000038   Code   RO         2787    i.__hardfp_atof     m_wm.l(atof.o)
    0x08003a68   0x00000358   Code   RO         2793    i.__hardfp_exp      m_wm.l(exp.o)
    0x08003dc0   0x00000014   Code   RO         2807    i.__hardfp_fabs     m_wm.l(fabs.o)
    0x08003dd4   0x00000004   PAD
    0x08003dd8   0x000000d0   Code   RO         3088    i.__hardfp_ldexp    m_wm.l(ldexp.o)
    0x08003ea8   0x000000f8   Code   RO         2869    i.__kernel_poly     m_wm.l(poly.o)
    0x08003fa0   0x00000014   Code   RO         2854    i.__mathlib_dbl_infnan  m_wm.l(dunder.o)
    0x08003fb4   0x00000004   PAD
    0x08003fb8   0x00000020   Code   RO         2857    i.__mathlib_dbl_overflow  m_wm.l(dunder.o)
    0x08003fd8   0x00000020   Code   RO         2859    i.__mathlib_dbl_underflow  m_wm.l(dunder.o)
    0x08003ff8   0x000000b8   Code   RO         3037    i.__mathlib_narrow  m_wm.l(narrow.o)
    0x080040b0   0x00000014   Code   RO         3090    i.__support_ldexp   m_wm.l(ldexp.o)
    0x080040c4   0x0000000e   Code   RO         2704    i._is_digit         c_w.l(__printf_wp.o)
    0x080040d2   0x00000002   Code   RO         1169    i._sys_exit         usart.o
    0x080040d4   0x0000002c   Code   RO         1097    i.delay_init        delay.o
    0x08004100   0x00000034   Code   RO         1098    i.delay_ms          delay.o
    0x08004134   0x00000034   Code   RO         1100    i.delay_xms         delay.o
    0x08004168   0x00000018   Code   RO         2809    i.fabs              m_wm.l(fabs.o)
    0x08004180   0x0000025c   Code   RO          878    i.fixedDistance     motordir.o
    0x080043dc   0x00000014   Code   RO         1170    i.fputc             usart.o
    0x080043f0   0x0000008c   Code   RO         3067    i.frexp             m_wm.l(frexp.o)
    0x0800447c   0x00000134   Code   RO          666    i.get_data          usart2.o
    0x080045b0   0x00000058   Code   RO          880    i.goForward         motordir.o
    0x08004608   0x000001b8   Code   RO          768    i.isUpdate          tim1.o
    0x080047c0   0x000001a8   Code   RO          212    i.main              main.o
    0x08004968   0x00000044   Code   RO          667    i.printDMCodeInfo   usart2.o
    0x080049ac   0x00000438   Code   RO          881    i.rotate            motordir.o
    0x08004de4   0x00000100   Code   RO          668    i.uart2_init        usart2.o
    0x08004ee4   0x000000ac   Code   RO         1171    i.uart_init         usart.o
    0x08004f90   0x0000002c   Code   RO         2943    locale$$code        c_w.l(lc_numeric_c.o)
    0x08004fbc   0x0000002c   Code   RO         2960    locale$$code        c_w.l(lc_ctype_c.o)
    0x08004fe8   0x00000018   Code   RO         2838    x$fpl$basic         fz_wm.l(basic.o)
    0x08005000   0x00000062   Code   RO         2727    x$fpl$d2f           fz_wm.l(d2f.o)
    0x08005062   0x00000002   PAD
    0x08005064   0x00000150   Code   RO         2729    x$fpl$dadd          fz_wm.l(daddsub_clz.o)
    0x080051b4   0x00000010   Code   RO         3143    x$fpl$dcheck1       fz_wm.l(dcheck1.o)
    0x080051c4   0x00000018   Code   RO         2840    x$fpl$dcmpinf       fz_wm.l(dcmpi.o)
    0x080051dc   0x000002b0   Code   RO         2736    x$fpl$ddiv          fz_wm.l(ddiv.o)
    0x0800548c   0x00000078   Code   RO         2739    x$fpl$deqf          fz_wm.l(deqf.o)
    0x08005504   0x0000005e   Code   RO         2741    x$fpl$dfix          fz_wm.l(dfix.o)
    0x08005562   0x00000002   PAD
    0x08005564   0x0000005a   Code   RO         2745    x$fpl$dfixu         fz_wm.l(dfixu.o)
    0x080055be   0x0000002e   Code   RO         2750    x$fpl$dflt          fz_wm.l(dflt_clz.o)
    0x080055ec   0x000000a2   Code   RO         2755    x$fpl$dfltll        fz_wm.l(dfltll_clz.o)
    0x0800568e   0x00000002   PAD
    0x08005690   0x00000078   Code   RO         2842    x$fpl$dleqf         fz_wm.l(dleqf.o)
    0x08005708   0x00000154   Code   RO         2759    x$fpl$dmul          fz_wm.l(dmul.o)
    0x0800585c   0x0000009c   Code   RO         2844    x$fpl$dnaninf       fz_wm.l(dnaninf.o)
    0x080058f8   0x0000000c   Code   RO         2846    x$fpl$dretinf       fz_wm.l(dretinf.o)
    0x08005904   0x0000006c   Code   RO         2761    x$fpl$drleqf        fz_wm.l(drleqf.o)
    0x08005970   0x00000016   Code   RO         2730    x$fpl$drsb          fz_wm.l(daddsub_clz.o)
    0x08005986   0x00000002   PAD
    0x08005988   0x000001d4   Code   RO         2731    x$fpl$dsub          fz_wm.l(daddsub_clz.o)
    0x08005b5c   0x00000056   Code   RO         2763    x$fpl$f2d           fz_wm.l(f2d.o)
    0x08005bb2   0x00000060   Code   RO         2769    x$fpl$ffltll        fz_wm.l(ffltll_clz.o)
    0x08005c12   0x0000008c   Code   RO         2848    x$fpl$fnaninf       fz_wm.l(fnaninf.o)
    0x08005c9e   0x0000000a   Code   RO         3028    x$fpl$fpinit        fz_wm.l(fpinit.o)
    0x08005ca8   0x0000000a   Code   RO         2850    x$fpl$fretinf       fz_wm.l(fretinf.o)
    0x08005cb2   0x00000002   PAD
    0x08005cb4   0x00000086   Code   RO         2765    x$fpl$llsfromf      fz_wm.l(ffixll.o)
    0x08005d3a   0x00000004   Code   RO         2771    x$fpl$printf1       fz_wm.l(printf1.o)
    0x08005d3e   0x00000064   Code   RO         3145    x$fpl$retnan        fz_wm.l(retnan.o)
    0x08005da2   0x0000005c   Code   RO         3127    x$fpl$scalbn        fz_wm.l(scalbn.o)
    0x08005dfe   0x00000004   Code   RO         2947    x$fpl$scanf1        fz_wm.l(scanf1.o)
    0x08005e02   0x00000008   Code   RO         3030    x$fpl$scanf2        fz_wm.l(scanf2.o)
    0x08005e0a   0x00000030   Code   RO         3147    x$fpl$trapveneer    fz_wm.l(trapv.o)
    0x08005e3a   0x00000000   Code   RO         2852    x$fpl$usenofp       fz_wm.l(usenofp.o)
    0x08005e3a   0x00000006   PAD
    0x08005e40   0x00000098   Data   RO         2776    .constdata          m_wm.l(atan.o)
    0x08005ed8   0x00000058   Data   RO         2796    .constdata          m_wm.l(exp.o)
    0x08005f30   0x00000094   Data   RO         2914    .constdata          c_w.l(bigflt0.o)
    0x08005fc4   0x00000020   Data   RO         3149    Region$$Table       anon$$obj.o
    0x08005fe4   0x00000008   Data   RO         3025    c$$dinf             fz_wm.l(fpconst.o)
    0x08005fec   0x0000001c   Data   RO         2942    locale$$data        c_w.l(lc_numeric_c.o)
    0x08006008   0x00000110   Data   RO         2959    locale$$data        c_w.l(lc_ctype_c.o)


    Execution Region RW_IRAM1 (Base: 0x20000000, Size: 0x000009e8, Max: 0x00020000, ABSOLUTE, COMPRESSED[0x00000090])

    Base Addr    Size         Type   Attr      Idx    E Section Name        Object

    0x20000000   0x00000014   Data   RW          178    .data               system_stm32f4xx.o
    0x20000014   0x00000001   Data   RW          631    .data               key.o
    0x20000015   0x00000001   PAD
    0x20000016   0x00000004   Data   RW          670    .data               usart2.o
    0x2000001a   0x00000006   PAD
    0x20000020   0x00000140   Data   RW          770    .data               tim1.o
    0x20000160   0x00000008   Data   RW          771    .data               tim1.o
    0x20000168   0x00000004   Data   RW          831    .data               motor_pwm.o
    0x2000016c   0x00000004   Data   RW          832    .data               motor_pwm.o
    0x20000170   0x00000058   Data   RW          883    .data               motordir.o
    0x200001c8   0x00000001   Data   RW          961    .data               wwdg.o
    0x200001c9   0x00000003   PAD
    0x200001cc   0x00000008   Data   RW          998    .data               encoder.o
    0x200001d4   0x00000004   Data   RW         1101    .data               delay.o
    0x200001d8   0x00000004   Data   RW         1140    .data               sys.o
    0x200001dc   0x00000002   Data   RW         1173    .data               usart.o
    0x200001de   0x00000002   PAD
    0x200001e0   0x00000004   Data   RW         1174    .data               usart.o
    0x200001e4   0x00000010   Data   RW         1548    .data               stm32f4xx_rcc.o
    0x200001f4   0x000000b8   Zero   RW          669    .bss                usart2.o
    0x200002ac   0x00000010   Zero   RW         1139    .bss                sys.o
    0x200002bc   0x000000c8   Zero   RW         1172    .bss                usart.o
    0x20000384   0x00000060   Zero   RW         2873    .bss                c_w.l(libspace.o)
    0x200003e4   0x00000004   PAD
    0x200003e8   0x00000200   Zero   RW         1217    HEAP                startup_stm32f40_41xxx.o
    0x200005e8   0x00000400   Zero   RW         1216    STACK               startup_stm32f40_41xxx.o


==============================================================================

Image component sizes


      Code (inc. data)   RO Data    RW Data    ZI Data      Debug   Object Name

       148         12          0          4          0       2460   delay.o
       628         44          0          8          0       5450   encoder.o
       112         14          0          1          0       1394   key.o
         0          0          0          0          0     229396   led.o
       424        142          0          0          0     232835   main.o
       144         14          0          0          0       2537   misc.o
       248         26          0          8          0       1965   motor_pwm.o
      2456        334          0         88          0       9293   motordir.o
        64         26        392          0       1536        912   startup_stm32f40_41xxx.o
       584         52          0          0          0       8421   stm32f4xx_dma.o
       216          0          0          0          0       4239   stm32f4xx_gpio.o
        16          0          0          0          0      70116   stm32f4xx_it.o
       216         30          0         16          0       5431   stm32f4xx_rcc.o
       902         44          0          0          0      18760   stm32f4xx_tim.o
       344          8          0          0          0       7145   stm32f4xx_usart.o
        28         10          0          0          0       1243   stm32f4xx_wwdg.o
        28         10          0          4         16       1053   sys.o
       272         36          0         20          0       2233   system_stm32f4xx.o
       904        122          0        328          0       5097   tim1.o
       294         26          0          6        200       4952   usart.o
      1076        148          0          4        184       7172   usart2.o
        24          6          0          1          0        969   wwdg.o

    ----------------------------------------------------------------------
      9146       1104        424        500       1936     623073   Object Totals
         0          0         32          0          0          0   (incl. Generated)
        18          0          0         12          0          0   (incl. Padding)

    ----------------------------------------------------------------------

      Code (inc. data)   RO Data    RW Data    ZI Data      Debug   Library Member Name

        90          0          0          0          0          0   __dczerorl2.o
         8          0          0          0          0         68   __main.o
       104          0          0          0          0         84   __printf.o
        14          0          0          0          0         68   __printf_wp.o
         0          0          0          0          0          0   __rtentry.o
        12          0          0          0          0          0   __rtentry2.o
         6          0          0          0          0          0   __rtentry4.o
        52          8          0          0          0          0   __scatter.o
        28          0          0          0          0          0   __scatter_zi.o
        28          0          0          0          0         68   _chval.o
        48          6          0          0          0         96   _printf_char_common.o
        36          4          0          0          0         80   _printf_char_file.o
         6          0          0          0          0          0   _printf_d.o
       120         16          0          0          0         92   _printf_dec.o
         6          0          0          0          0          0   _printf_f.o
      1050          0          0          0          0        216   _printf_fp_dec.o
       128         16          0          0          0         84   _printf_fp_infnan.o
       178          0          0          0          0         88   _printf_intcommon.o
         0          0          0          0          0          0   _printf_percent.o
         4          0          0          0          0          0   _printf_percent_end.o
        22          0          0          0          0        100   _rserrno.o
        64          0          0          0          0         84   _sgetc.o
       158          0          0          0          0         92   _strtoul.o
        26          0          0          0          0         80   atoi.o
       220          4        148          0          0         96   bigflt0.o
      2074        132          0          0          0        940   btod.o
        18          0          0          0          0         80   exit.o
         8          0          0          0          0         68   ferror.o
         6          0          0          0          0        152   heapauxi.o
        18          0          0          0          0         76   isspace.o
        44         10        272          0          0         76   lc_ctype_c.o
        44         10         28          0          0         76   lc_numeric_c.o
         2          0          0          0          0          0   libinit.o
        34          0          0          0          0          0   libinit2.o
         2          0          0          0          0          0   libshutdown.o
         2          0          0          0          0          0   libshutdown2.o
         8          4          0          0         96         68   libspace.o
        72          0          0          0          0         76   llsdiv.o
        38          0          0          0          0         68   llshl.o
       138          0          0          0          0         80   lludiv10.o
       238          0          0          0          0        100   lludivv7m.o
        24          4          0          0          0         84   noretval__2printf.o
        16          4          0          0          0         76   rt_ctype_table.o
         8          4          0          0          0         68   rt_errno_addr_intlibspace.o
         8          4          0          0          0         68   rt_locale_intlibspace.o
       138          0          0          0          0         68   rt_memcpy_v6.o
       100          0          0          0          0         80   rt_memcpy_w.o
         2          0          0          0          0          0   rtexit.o
        10          0          0          0          0          0   rtexit2.o
      1188         12          0          0          0        148   scanf_fp.o
       800         14          0          0          0        100   scanf_hexfp.o
       308         16          0          0          0        100   scanf_infnan.o
       128          0          0          0          0         68   strcmpv7m.o
        36          0          0          0          0         80   strstr.o
       164         14          0          0          0        120   strtod.o
       112          0          0          0          0         88   strtol.o
        74          0          0          0          0         80   sys_stackheap_outer.o
         2          0          0          0          0         68   use_no_semi.o
         2          0          0          0          0         68   use_no_semi_2.o
        24          0          0          0          0        164   basic.o
        98          4          0          0          0        140   d2f.o
       826         16          0          0          0        492   daddsub_clz.o
        16          4          0          0          0        116   dcheck1.o
        24          0          0          0          0        116   dcmpi.o
       688        140          0          0          0        256   ddiv.o
       120          4          0          0          0        140   deqf.o
        94          4          0          0          0        140   dfix.o
        90          4          0          0          0        140   dfixu.o
        46          0          0          0          0        116   dflt_clz.o
       162          0          0          0          0        132   dfltll_clz.o
       120          4          0          0          0        140   dleqf.o
       340         12          0          0          0        152   dmul.o
       156          4          0          0          0        140   dnaninf.o
        12          0          0          0          0        116   dretinf.o
       108          0          0          0          0        128   drleqf.o
        86          4          0          0          0        132   f2d.o
       134          4          0          0          0        132   ffixll.o
        96          0          0          0          0        132   ffltll_clz.o
       140          4          0          0          0        132   fnaninf.o
         0          0          8          0          0          0   fpconst.o
        10          0          0          0          0        116   fpinit.o
        10          0          0          0          0        116   fretinf.o
         4          0          0          0          0        116   printf1.o
       100          0          0          0          0        116   retnan.o
        92          0          0          0          0        116   scalbn.o
         4          0          0          0          0        116   scanf1.o
         8          0          0          0          0        132   scanf2.o
        48          0          0          0          0        116   trapv.o
         0          0          0          0          0          0   usenofp.o
       728        106        152          0          0        228   atan.o
        56         12          0          0          0        132   atof.o
        84         16          0          0          0        372   dunder.o
       856        142         88          0          0        288   exp.o
        44          0          0          0          0        248   fabs.o
        48          0          0          0          0        124   fpclassify.o
       140         22          0          0          0        132   frexp.o
       228          8          0          0          0        308   ldexp.o
       184         18          0          0          0        152   narrow.o
       248          0          0          0          0        152   poly.o

    ----------------------------------------------------------------------
     14590        816        696          0        100      10856   Library Totals
        44          2          0          0          4          0   (incl. Padding)

    ----------------------------------------------------------------------

      Code (inc. data)   RO Data    RW Data    ZI Data      Debug   Library Name

      8274        282        448          0         96       4620   c_w.l
      3656        208          8          0          0       4100   fz_wm.l
      2616        324        240          0          0       2136   m_wm.l

    ----------------------------------------------------------------------
     14590        816        696          0        100      10856   Library Totals

    ----------------------------------------------------------------------

==============================================================================


      Code (inc. data)   RO Data    RW Data    ZI Data      Debug   

     23736       1920       1120        500       2036     617429   Grand Totals
     23736       1920       1120        144       2036     617429   ELF Image Totals (compressed)
     23736       1920       1120        144          0          0   ROM Totals

==============================================================================

    Total RO  Size (Code + RO Data)                24856 (  24.27kB)
    Total RW  Size (RW Data + ZI Data)              2536 (   2.48kB)
    Total ROM Size (Code + RO Data + RW Data)      25000 (  24.41kB)

==============================================================================

